Archive member included to satisfy reference by file (symbol)

C:/arm_gcc/bin/../lib/gcc/arm-none-eabi/14.2.1/thumb/v7-m/nofp\libm.a(libm_a-wf_log.o)
                              ./build/adc.o (logf)
C:/arm_gcc/bin/../lib/gcc/arm-none-eabi/14.2.1/thumb/v7-m/nofp\libm.a(libm_a-sf_nan.o)
                              C:/arm_gcc/bin/../lib/gcc/arm-none-eabi/14.2.1/thumb/v7-m/nofp\libm.a(libm_a-wf_log.o) (nanf)
C:/arm_gcc/bin/../lib/gcc/arm-none-eabi/14.2.1/thumb/v7-m/nofp\libm.a(libm_a-ef_log.o)
                              C:/arm_gcc/bin/../lib/gcc/arm-none-eabi/14.2.1/thumb/v7-m/nofp\libm.a(libm_a-wf_log.o) (__ieee754_logf)
C:/arm_gcc/bin/../lib/gcc/arm-none-eabi/14.2.1/thumb/v7-m/nofp\libgcc.a(_arm_mulsf3.o)
                              ./build/adc.o (__aeabi_fmul)
C:/arm_gcc/bin/../lib/gcc/arm-none-eabi/14.2.1/thumb/v7-m/nofp\libgcc.a(_arm_addsubdf3.o)
                              ./build/uart_cli.o (__aeabi_f2d)
C:/arm_gcc/bin/../lib/gcc/arm-none-eabi/14.2.1/thumb/v7-m/nofp\libgcc.a(_arm_addsubsf3.o)
                              ./build/adc.o (__aeabi_fsub)
C:/arm_gcc/bin/../lib/gcc/arm-none-eabi/14.2.1/thumb/v7-m/nofp\libgcc.a(_arm_muldivsf3.o)
                              ./build/adc.o (__aeabi_fdiv)
C:/arm_gcc/bin/../lib/gcc/arm-none-eabi/14.2.1/thumb/v7-m/nofp\libgcc.a(_arm_cmpsf2.o)
                              C:/arm_gcc/bin/../lib/gcc/arm-none-eabi/14.2.1/thumb/v7-m/nofp\libm.a(libm_a-wf_log.o) (__aeabi_fcmpeq)
C:/arm_gcc/bin/../lib/gcc/arm-none-eabi/14.2.1/thumb/v7-m/nofp\libgcc.a(_arm_unordsf2.o)
                              C:/arm_gcc/bin/../lib/gcc/arm-none-eabi/14.2.1/thumb/v7-m/nofp\libm.a(libm_a-wf_log.o) (__aeabi_fcmpun)
C:/arm_gcc/bin/../lib/gcc/arm-none-eabi/14.2.1/thumb/v7-m/nofp\libgcc.a(_arm_fixsfsi.o)
                              ./build/motor_drv.o (__aeabi_f2iz)
C:/arm_gcc/bin/../lib/gcc/arm-none-eabi/14.2.1/thumb/v7-m/nofp\libgcc.a(_arm_fixunssfsi.o)
                              ./build/protection.o (__aeabi_f2uiz)
C:/arm_gcc/bin/../lib/gcc/arm-none-eabi/14.2.1/thumb/v7-m/nofp\libgcc.a(_aeabi_ldivmod.o)
                              ./build/encoder.o (__aeabi_ldivmod)
C:/arm_gcc/bin/../lib/gcc/arm-none-eabi/14.2.1/thumb/v7-m/nofp\libgcc.a(_udivmoddi4.o)
                              C:/arm_gcc/bin/../lib/gcc/arm-none-eabi/14.2.1/thumb/v7-m/nofp\libgcc.a(_aeabi_ldivmod.o) (__udivmoddi4)
C:/arm_gcc/bin/../lib/gcc/arm-none-eabi/14.2.1/thumb/v7-m/nofp\libgcc.a(_dvmd_tls.o)
                              C:/arm_gcc/bin/../lib/gcc/arm-none-eabi/14.2.1/thumb/v7-m/nofp\libgcc.a(_aeabi_ldivmod.o) (__aeabi_ldiv0)
C:/arm_gcc/bin/../lib/gcc/arm-none-eabi/14.2.1/thumb/v7-m/nofp\libc_nano.a(libc_a-atoi.o)
                              ./build/uart_cli.o (atoi)
C:/arm_gcc/bin/../lib/gcc/arm-none-eabi/14.2.1/thumb/v7-m/nofp\libc_nano.a(libc_a-exit.o)
                              C:/arm_gcc/bin/../lib/gcc/arm-none-eabi/14.2.1/thumb/v7-m/nofp/crt0.o (exit)
C:/arm_gcc/bin/../lib/gcc/arm-none-eabi/14.2.1/thumb/v7-m/nofp\libc_nano.a(libc_a-strtol.o)
                              C:/arm_gcc/bin/../lib/gcc/arm-none-eabi/14.2.1/thumb/v7-m/nofp\libc_nano.a(libc_a-atoi.o) (_strtol_r)
C:/arm_gcc/bin/../lib/gcc/arm-none-eabi/14.2.1/thumb/v7-m/nofp\libc_nano.a(libc_a-strtoul.o)
                              ./build/uart_cli.o (strtoul)
C:/arm_gcc/bin/../lib/gcc/arm-none-eabi/14.2.1/thumb/v7-m/nofp\libc_nano.a(libc_a-ctype_.o)
                              C:/arm_gcc/bin/../lib/gcc/arm-none-eabi/14.2.1/thumb/v7-m/nofp\libc_nano.a(libc_a-strtol.o) (_ctype_)
C:/arm_gcc/bin/../lib/gcc/arm-none-eabi/14.2.1/thumb/v7-m/nofp\libc_nano.a(libc_a-findfp.o)
                              C:/arm_gcc/bin/../lib/gcc/arm-none-eabi/14.2.1/thumb/v7-m/nofp\libc_nano.a(libc_a-exit.o) (__stdio_exit_handler)
C:/arm_gcc/bin/../lib/gcc/arm-none-eabi/14.2.1/thumb/v7-m/nofp\libc_nano.a(libc_a-fwalk.o)
                              C:/arm_gcc/bin/../lib/gcc/arm-none-eabi/14.2.1/thumb/v7-m/nofp\libc_nano.a(libc_a-findfp.o) (_fwalk_sglue)
C:/arm_gcc/bin/../lib/gcc/arm-none-eabi/14.2.1/thumb/v7-m/nofp\libc_nano.a(libc_a-snprintf.o)
                              ./build/uart_cli.o (snprintf)
C:/arm_gcc/bin/../lib/gcc/arm-none-eabi/14.2.1/thumb/v7-m/nofp\libc_nano.a(libc_a-stdio.o)
                              C:/arm_gcc/bin/../lib/gcc/arm-none-eabi/14.2.1/thumb/v7-m/nofp\libc_nano.a(libc_a-findfp.o) (__sread)
C:/arm_gcc/bin/../lib/gcc/arm-none-eabi/14.2.1/thumb/v7-m/nofp\libc_nano.a(libc_a-vsnprintf.o)
                              ./build/uart_cli.o (vsnprintf)
C:/arm_gcc/bin/../lib/gcc/arm-none-eabi/14.2.1/thumb/v7-m/nofp\libc_nano.a(libc_a-memset.o)
                              C:/arm_gcc/bin/../lib/gcc/arm-none-eabi/14.2.1/thumb/v7-m/nofp/crt0.o (memset)
C:/arm_gcc/bin/../lib/gcc/arm-none-eabi/14.2.1/thumb/v7-m/nofp\libc_nano.a(libc_a-strcat.o)
                              ./build/uart_cli.o (strcat)
C:/arm_gcc/bin/../lib/gcc/arm-none-eabi/14.2.1/thumb/v7-m/nofp\libc_nano.a(libc_a-closer.o)
[...]
Memory Configuration

Name             Origin             Length             Attributes
FLASH            0x08000000         0x00010000         xr
RAM              0x20000000         0x00005000         xrw
*default*        0x00000000         0xffffffff

Linker script and memory map

LOAD C:/arm_gcc/bin/../lib/gcc/arm-none-eabi/14.2.1/thumb/v7-m/nofp/crti.o
LOAD C:/arm_gcc/bin/../lib/gcc/arm-none-eabi/14.2.1/thumb/v7-m/nofp/crtbegin.o
LOAD C:/arm_gcc/bin/../lib/gcc/arm-none-eabi/14.2.1/thumb/v7-m/nofp/crt0.o
LOAD ./build/adc.o
LOAD ./build/encoder.o
LOAD ./build/flash.o
LOAD ./build/main.o
LOAD ./build/motor_drv.o
LOAD ./build/pid.o
LOAD ./build/protection.o
LOAD ./build/pwm.o
LOAD ./build/state_machine.o
LOAD ./build/uart_cli.o
LOAD ./build/canopen.o
LOAD ./build/co_cia402.o
LOAD ./build/co_emcy.o
LOAD ./build/co_nmt.o
LOAD ./build/co_objdict.o
LOAD ./build/co_pdo.o
LOAD ./build/co_sdo.o
LOAD ./build/co_sync.o
LOAD ./build/system_stm32f1xx.o
LOAD ./build/stm32f1xx_hal.o
LOAD ./build/stm32f1xx_hal_adc.o
LOAD ./build/stm32f1xx_hal_adc_ex.o
LOAD ./build/stm32f1xx_hal_can.o
LOAD ./build/stm32f1xx_hal_cortex.o
LOAD ./build/stm32f1xx_hal_dma.o
LOAD ./build/stm32f1xx_hal_flash.o
LOAD ./build/stm32f1xx_hal_flash_ex.o
LOAD ./build/stm32f1xx_hal_gpio.o
LOAD ./build/stm32f1xx_hal_gpio_ex.o
LOAD ./build/stm32f1xx_hal_iwdg.o
LOAD ./build/stm32f1xx_hal_rcc.o
LOAD ./build/stm32f1xx_hal_rcc_ex.o
LOAD ./build/stm32f1xx_hal_tim.o
LOAD ./build/stm32f1xx_hal_tim_ex.o
LOAD ./build/stm32f1xx_hal_uart.o
LOAD ./build/tasks.o
LOAD ./build/queue.o
LOAD ./build/list.o
LOAD ./build/timers.o
LOAD ./build/event_groups.o
LOAD ./build/stream_buffer.o
LOAD ./build/heap_4.o
LOAD ./build/port.o
LOAD ./build/startup_stm32f103xb.o
LOAD C:/arm_gcc/bin/../lib/gcc/arm-none-eabi/14.2.1/thumb/v7-m/nofp\libm.a
START GROUP
LOAD C:/arm_gcc/bin/../lib/gcc/arm-none-eabi/14.2.1/thumb/v7-m/nofp\libgcc.a
LOAD C:/arm_gcc/bin/../lib/gcc/arm-none-eabi/14.2.1/thumb/v7-m/nofp\libc_nano.a
END GROUP
START GROUP
LOAD C:/arm_gcc/bin/../lib/gcc/arm-none-eabi/14.2.1/thumb/v7-m/nofp\libgcc.a
LOAD C:/arm_gcc/bin/../lib/gcc/arm-none-eabi/14.2.1/thumb/v7-m/nofp\libc_nano.a
LOAD C:/arm_gcc/bin/../lib/gcc/arm-none-eabi/14.2.1/thumb/v7-m/nofp\libnosys.a
END GROUP
START GROUP
LOAD C:/arm_gcc/bin/../lib/gcc/arm-none-eabi/14.2.1/thumb/v7-m/nofp\libgcc.a
LOAD C:/arm_gcc/bin/../lib/gcc/arm-none-eabi/14.2.1/thumb/v7-m/nofp\libc_nano.a
LOAD C:/arm_gcc/bin/../lib/gcc/arm-none-eabi/14.2.1/thumb/v7-m/nofp\libnosys.a
END GROUP
LOAD C:/arm_gcc/bin/../lib/gcc/arm-none-eabi/14.2.1/thumb/v7-m/nofp/crtend.o
LOAD C:/arm_gcc/bin/../lib/gcc/arm-none-eabi/14.2.1/thumb/v7-m/nofp/crtn.o
                0x20005000                        _estack = (ORIGIN (RAM) + LENGTH (RAM))
                0x0800f800                        _param_slot0 = 0x800f800
                0x0800fa00                        _param_slot1 = 0x800fa00

.isr_vector     0x08000000      0x10c
                0x08000000                        . = ALIGN (0x4)
 *(.isr_vector)
 .isr_vector    0x08000000      0x10c ./build/startup_stm32f103xb.o
                0x08000000                g_pfnVectors
                0x0800010c                        . = ALIGN (0x4)

.text           0x08000110     0x7eb0
                0x08000110                        . = ALIGN (0x4)
 *(.text)
 .text          0x08000110      0x378 C:/arm_gcc/bin/../lib/gcc/arm-none-eabi/14.2.1/thumb/v7-m/nofp\libgcc.a(_arm_addsubdf3.o)
                0x08000110                __aeabi_drsub
                0x08000118                __aeabi_dsub
                0x08000118                __subdf3
                0x0800011c                __aeabi_dadd
                0x0800011c                __adddf3
                0x08000394                __floatunsidf
                0x08000394                __aeabi_ui2d
                0x080003b4                __floatsidf
                0x080003b4                __aeabi_i2d
                0x080003d8                __aeabi_f2d
                0x080003d8                __extendsfdf2
                0x0800041c                __floatundidf
                0x0800041c                __aeabi_ul2d
                0x0800042c                __floatdidf
                0x0800042c                __aeabi_l2d
 .text          0x08000488      0x21c C:/arm_gcc/bin/../lib/gcc/arm-none-eabi/14.2.1/thumb/v7-m/nofp\libgcc.a(_arm_addsubsf3.o)
                0x08000488                __aeabi_frsub
                0x08000490                __subsf3
                0x08000490                __aeabi_fsub
                0x08000494                __aeabi_fadd
                0x08000494                __addsf3
                0x080005f4                __aeabi_ui2f
                0x080005f4                __floatunsisf
                0x080005fc                __aeabi_i2f
                0x080005fc                __floatsisf
                0x08000618                __aeabi_ul2f
                0x08000618                __floatundisf
                0x08000628                __aeabi_l2f
                0x08000628                __floatdisf
 .text          0x080006a4      0x2a0 C:/arm_gcc/bin/../lib/gcc/arm-none-eabi/14.2.1/thumb/v7-m/nofp\libgcc.a(_arm_muldivsf3.o)
                0x080006a4                __mulsf3
                0x080006a4                __aeabi_fmul
                0x0800080c                __aeabi_fdiv
                0x0800080c                __divsf3
 .text          0x08000944       0xec C:/arm_gcc/bin/../lib/gcc/arm-none-eabi/14.2.1/thumb/v7-m/nofp\libgcc.a(_arm_cmpsf2.o)
                0x08000944                __gesf2
                0x08000944                __gtsf2
                0x0800094c                __lesf2
                0x0800094c                __ltsf2
                0x08000954                __nesf2
                0x08000954                __eqsf2
                0x08000954                __cmpsf2
                0x080009b4                __aeabi_cfrcmple
                0x080009bc                __aeabi_cfcmpeq
                0x080009bc                __aeabi_cfcmple
                0x080009cc                __aeabi_fcmpeq
                0x080009e0                __aeabi_fcmplt
                0x080009f4                __aeabi_fcmple
                0x08000a08                __aeabi_fcmpge
                0x08000a1c                __aeabi_fcmpgt
 .text          0x08000a30       0x2c C:/arm_gcc/bin/../lib/gcc/arm-none-eabi/14.2.1/thumb/v7-m/nofp\libgcc.a(_arm_unordsf2.o)
                0x08000a30                __unordsf2
                0x08000a30                __aeabi_fcmpun
 .text          0x08000a5c       0x4c C:/arm_gcc/bin/../lib/gcc/arm-none-eabi/14.2.1/thumb/v7-m/nofp\libgcc.a(_arm_fixsfsi.o)
                0x08000a5c                __aeabi_f2iz
                0x08000a5c                __fixsfsi
 .text          0x08000aa8       0x40 C:/arm_gcc/bin/../lib/gcc/arm-none-eabi/14.2.1/thumb/v7-m/nofp\libgcc.a(_arm_fixunssfsi.o)
                0x08000aa8                __fixunssfsi
                0x08000aa8                __aeabi_f2uiz
 .text          0x08000ae8       0x14 C:/arm_gcc/bin/../lib/gcc/arm-none-eabi/14.2.1/thumb/v7-m/nofp\libc_nano.a(libc_a-strcmp.o)
                0x08000ae8                strcmp
 .text          0x08000afc       0x10 C:/arm_gcc/bin/../lib/gcc/arm-none-eabi/14.2.1/thumb/v7-m/nofp\libc_nano.a(libc_a-strlen.o)
                0x08000afc                strlen
 *(.text*)
 .text.adc_init
                0x08000b0c      0x11c ./build/adc.o
                0x08000b0c                adc_init
 .text.adc_conv_complete_callback
                0x08000c28      0x164 ./build/adc.o
                0x08000c28                adc_conv_complete_callback
 .text.adc_get_current_a
                0x08000d8c        0xc ./build/adc.o
                0x08000d8c                adc_get_current_a
 .text.adc_get_voltage_v
                0x08000d98        0xc ./build/adc.o
                0x08000d98                adc_get_voltage_v
 .text.adc_get_temp_driver_c
                0x08000da4        0xc ./build/adc.o
                0x08000da4                adc_get_temp_driver_c
 .text.adc_get_temp_motor_c
                0x08000db0        0xc ./build/adc.o
                0x08000db0                adc_get_temp_motor_c
 .text.HAL_ADC_ConvCpltCallback
                0x08000dbc        0x4 ./build/adc.o
                0x08000dbc                HAL_ADC_ConvCpltCallback
 .text.encoder_init
                0x08000dc0       0xe0 ./build/encoder.o
                0x08000dc0                encoder_init
 .text.encoder_get_raw_count
                0x08000ea0       0x38 ./build/encoder.o
                0x08000ea0                encoder_get_raw_count
 .text.encoder_get_position
                0x08000ed8       0x1c ./build/encoder.o
                0x08000ed8                encoder_get_position
 .text.encoder_get_speed_rpm_x100
                0x08000ef4        0xc ./build/encoder.o
                0x08000ef4                encoder_get_speed_rpm_x100
 .text.encoder_set_zero_offset
                0x08000f00       0x18 ./build/encoder.o
                0x08000f00                encoder_set_zero_offset
 .text.encoder_check_fault
                0x08000f18       0x30 ./build/encoder.o
                0x08000f18                encoder_check_fault
 .text.flash_init
                0x08000f48       0x20 ./build/flash.o
                0x08000f48                flash_init
 .text.flash_params_save
                0x08000f68      0x14c ./build/flash.o
                0x08000f68                flash_params_save
 .text.flash_save_zero_offset
                0x080010b4       0x10 ./build/flash.o
                0x080010b4                flash_save_zero_offset
 .text.flash_restore_factory
                0x080010c4       0xb4 ./build/flash.o
                0x080010c4                flash_restore_factory
 .text.flash_params_load
                0x08001178      0x128 ./build/flash.o
                0x08001178                flash_params_load
 .text.startup.main
                0x080012a0      0x174 ./build/main.o
                0x080012a0                main
 .text.TIM3_IRQHandler
                0x08001414        0x4 ./build/main.o
                0x08001414                TIM3_IRQHandler
 .text.SysTick_Handler
                0x08001418        0xe ./build/main.o
                0x08001418                SysTick_Handler
 .text.SVC_Handler
                0x08001426        0x4 ./build/main.o
                0x08001426                SVC_Handler
 .text.PendSV_Handler
                0x0800142a        0x4 ./build/main.o
                0x0800142a                PendSV_Handler
 .text.vApplicationStackOverflowHook
                0x0800142e        0xa ./build/main.o
                0x0800142e                vApplicationStackOverflowHook
 .text.vApplicationMallocFailedHook
                0x08001438        0xa ./build/main.o
                0x08001438                vApplicationMallocFailedHook
 .text.HardFault_Handler
                0x08001442        0x6 ./build/main.o
                0x08001442                HardFault_Handler
 .text.MemManage_Handler
                0x08001448        0x6 ./build/main.o
                0x08001448                MemManage_Handler
 .text.BusFault_Handler
                0x0800144e        0x6 ./build/main.o
                0x0800144e                BusFault_Handler
 .text.UsageFault_Handler
                0x08001454        0x6 ./build/main.o
                0x08001454                UsageFault_Handler
 *fill*         0x0800145a        0x2 
 .text.motor_drv_init
                0x0800145c       0x6c ./build/motor_drv.o
                0x0800145c                motor_drv_init
 .text.CURRENT_LOOP_IRQHandler
                0x080014c8       0xcc ./build/motor_drv.o
                0x080014c8                CURRENT_LOOP_IRQHandler
 .text.motor_task_speed_loop
                0x08001594       0xc8 ./build/motor_drv.o
                0x08001594                motor_task_speed_loop
 .text.motor_task_position_loop
                0x0800165c       0xa8 ./build/motor_drv.o
                0x0800165c                motor_task_position_loop
 .text.motor_task_monitor
                0x08001704       0x28 ./build/motor_drv.o
                0x08001704                motor_task_monitor
 .text.motor_set_mode
                0x0800172c       0x3c ./build/motor_drv.o
                0x0800172c                motor_set_mode
 .text.motor_set_speed
                0x08001768       0x54 ./build/motor_drv.o
                0x08001768                motor_set_speed
 .text.motor_set_position
                0x080017bc       0x54 ./build/motor_drv.o
                0x080017bc                motor_set_position
 .text.motor_set_torque
                0x08001810       0x5c ./build/motor_drv.o
                0x08001810                motor_set_torque
 .text.motor_stop
                0x0800186c       0x4c ./build/motor_drv.o
                0x0800186c                motor_stop
 .text.motor_emergency_stop
                0x080018b8        0x4 ./build/motor_drv.o
                0x080018b8                motor_emergency_stop
 .text.motor_fault_reset
                0x080018bc        0x4 ./build/motor_drv.o
                0x080018bc                motor_fault_reset
 .text.motor_zero_auto
                0x080018c0       0x40 ./build/motor_drv.o
                0x080018c0                motor_zero_auto
 .text.motor_zero_sensor
                0x08001900       0x34 ./build/motor_drv.o
                0x08001900                motor_zero_sensor
 .text.pid_init
                0x08001934       0x2c ./build/pid.o
                0x08001934                pid_init
 .text.pid_reset
                0x08001960       0x1a ./build/pid.o
                0x08001960                pid_reset
 *fill*         0x0800197a        0x2 
 .text.pid_update
                0x0800197c      0x130 ./build/pid.o
                0x0800197c                pid_update
 .text.motor_pid_init_all
                0x08001aac       0xb4 ./build/pid.o
                0x08001aac                motor_pid_init_all
 .text.motor_pid_get_current
                0x08001b60        0x8 ./build/pid.o
                0x08001b60                motor_pid_get_current
 .text.motor_pid_get_speed
                0x08001b68        0x8 ./build/pid.o
                0x08001b68                motor_pid_get_speed
 .text.motor_pid_get_position
                0x08001b70        0x8 ./build/pid.o
                0x08001b70                motor_pid_get_position
 .text.protection_init
                0x08001b78       0xdc ./build/protection.o
                0x08001b78                protection_init
 .text.protection_fault_reset
                0x08001c54       0x90 ./build/protection.o
                0x08001c54                protection_fault_reset
 .text.protection_update_led
                0x08001ce4       0xbc ./build/protection.o
                0x08001ce4                protection_update_led
 .text.protection_estop_trigger
                0x08001da0       0x38 ./build/protection.o
                0x08001da0                protection_estop_trigger
 .text.protection_err_to_co_emcy
                0x08001dd8       0x18 ./build/protection.o
                0x08001dd8                protection_err_to_co_emcy
 .text.protection_handle_fault
                0x08001df0      0x12c ./build/protection.o
                0x08001df0                protection_handle_fault
 .text.protection_check_all
                0x08001f1c      0x204 ./build/protection.o
                0x08001f1c                protection_check_all
 .text.pwm_init
                0x08002120      0x138 ./build/pwm.o
                0x08002120                pwm_init
 .text.pwm_set_duty
                0x08002258       0x6c ./build/pwm.o
                0x08002258                pwm_set_duty
 .text.pwm_emergency_stop
                0x080022c4       0x58 ./build/pwm.o
                0x080022c4                pwm_emergency_stop
 .text.pwm_stop
                0x0800231c       0x44 ./build/pwm.o
                0x0800231c                pwm_stop
 .text.pwm_enable
                0x08002360       0x64 ./build/pwm.o
                0x08002360                pwm_enable
 .text.pwm_get_duty
                0x080023c4        0xc ./build/pwm.o
                0x080023c4                pwm_get_duty
 .text.state_machine_init
                0x080023d0       0x14 ./build/state_machine.o
                0x080023d0                state_machine_init
 .text.state_machine_transition
                0x080023e4       0x6c ./build/state_machine.o
                0x080023e4                state_machine_transition
 .text.state_machine_process
                0x08002450       0x30 ./build/state_machine.o
                0x08002450                state_machine_process
 .text.pds_state_machine_process
                0x08002480       0x48 ./build/state_machine.o
                0x08002480                pds_state_machine_process
 .text.pds_state_machine_handle_controlword
                0x080024c8       0x70 ./build/state_machine.o
                0x080024c8                pds_state_machine_handle_controlword
 .text.pds_build_statusword
                0x08002538       0x88 ./build/state_machine.o
                0x08002538                pds_build_statusword
 .text.cli_print
                0x080025c0       0x1c ./build/uart_cli.o
 .text.cli_printf
                0x080025dc       0x28 ./build/uart_cli.o
 .text.uart_cli_init
                0x08002604       0xe0 ./build/uart_cli.o
                0x08002604                uart_cli_init
 .text.log_print
                0x080026e4       0x74 ./build/uart_cli.o
                0x080026e4                log_print
 .text.USART2_IRQHandler
                0x08002758       0xa0 ./build/uart_cli.o
                0x08002758                USART2_IRQHandler
 .text.uart_cli_trace_output
                0x080027f8       0x4c ./build/uart_cli.o
                0x080027f8                uart_cli_trace_output
 .text.uart_cli_task
                0x08002844      0x550 ./build/uart_cli.o
                0x08002844                uart_cli_task
 .text.canopen_init
                0x08002d94      0x160 ./build/canopen.o
                0x08002d94                canopen_init
 .text.canopen_task
                0x08002ef4       0x7c ./build/canopen.o
                0x08002ef4                canopen_task
 .text.canopen_tx_frame
                0x08002f70       0x3c ./build/canopen.o
                0x08002f70                canopen_tx_frame
 .text.canopen_get_nmt_state
                0x08002fac        0xc ./build/canopen.o
                0x08002fac                canopen_get_nmt_state
 .text.canopen_get_comm_params
                0x08002fb8        0x8 ./build/canopen.o
                0x08002fb8                canopen_get_comm_params
 .text.co_cia402_init
                0x08002fc0        0x2 ./build/co_cia402.o
                0x08002fc0                co_cia402_init
 .text.co_cia402_process_controlword
                0x08002fc2       0x3a ./build/co_cia402.o
                0x08002fc2                co_cia402_process_controlword
 .text.co_cia402_set_mode
                0x08002ffc       0x30 ./build/co_cia402.o
                0x08002ffc                co_cia402_set_mode
 .text.co_cia402_pack_tpdo1
                0x0800302c       0x1a ./build/co_cia402.o
                0x0800302c                co_cia402_pack_tpdo1
 *fill*         0x08003046        0x2 
 .text.co_cia402_pack_tpdo2
                0x08003048       0x24 ./build/co_cia402.o
                0x08003048                co_cia402_pack_tpdo2
 .text.co_cia402_pack_tpdo3
                0x0800306c       0x5c ./build/co_cia402.o
                0x0800306c                co_cia402_pack_tpdo3
 .text.co_emcy_init
                0x080030c8       0x2c ./build/co_emcy.o
                0x080030c8                co_emcy_init
 .text.co_emcy_send_reset
                0x080030f4       0x44 ./build/co_emcy.o
                0x080030f4                co_emcy_send_reset
 .text.co_emcy_inhibit_check
                0x08003138       0x24 ./build/co_emcy.o
                0x08003138                co_emcy_inhibit_check
 .text.co_emcy_send_alarm
                0x0800315c       0xc8 ./build/co_emcy.o
                0x0800315c                co_emcy_send_alarm
 .text.co_nmt_init
                0x08003224        0xc ./build/co_nmt.o
                0x08003224                co_nmt_init
 .text.co_nmt_heartbeat_send
                0x08003230       0x28 ./build/co_nmt.o
                0x08003230                co_nmt_heartbeat_send
 .text.od_add   0x08003258       0x40 ./build/co_objdict.o
 .text.co_objdict_init
                0x08003298      0x8a4 ./build/co_objdict.o
                0x08003298                co_objdict_init
 .text.co_objdict_find
                0x08003b3c       0x38 ./build/co_objdict.o
                0x08003b3c                co_objdict_find
 .text.co_objdict_read
                0x08003b74       0x32 ./build/co_objdict.o
                0x08003b74                co_objdict_read
 *fill*         0x08003ba6        0x2 
 .text.co_objdict_write
                0x08003ba8       0x70 ./build/co_objdict.o
                0x08003ba8                co_objdict_write
 .text.co_objdict_get_count
                0x08003c18        0xc ./build/co_objdict.o
                0x08003c18                co_objdict_get_count
 .text.co_pdo_init
                0x08003c24        0x2 ./build/co_pdo.o
                0x08003c24                co_pdo_init
 .text.co_pdo_process_tx
                0x08003c26       0x48 ./build/co_pdo.o
                0x08003c26                co_pdo_process_tx
 .text.co_sdo_init
                0x08003c6e        0x2 ./build/co_sdo.o
                0x08003c6e                co_sdo_init
 .text.co_sync_init
                0x08003c70        0x2 ./build/co_sync.o
                0x08003c70                co_sync_init
 .text.co_sync_process
                0x08003c72        0xa ./build/co_sync.o
                0x08003c72                co_sync_process
 .text.SystemInit
                0x08003c7c        0x2 ./build/system_stm32f1xx.o
                0x08003c7c                SystemInit
 .text.HAL_MspInit
                0x08003c7e        0x2 ./build/stm32f1xx_hal.o
                0x08003c7e                HAL_MspInit
 .text.HAL_InitTick
                0x08003c80       0x48 ./build/stm32f1xx_hal.o
                0x08003c80                HAL_InitTick
 .text.HAL_Init
                0x08003cc8       0x16 ./build/stm32f1xx_hal.o
                0x08003cc8                HAL_Init
 *fill*         0x08003cde        0x2 
 .text.HAL_IncTick
                0x08003ce0       0x18 ./build/stm32f1xx_hal.o
                0x08003ce0                HAL_IncTick
 .text.HAL_GetTick
                0x08003cf8        0xc ./build/stm32f1xx_hal.o
                0x08003cf8                HAL_GetTick
 .text.HAL_Delay
                0x08003d04       0x24 ./build/stm32f1xx_hal.o
                0x08003d04                HAL_Delay
 .text.HAL_ADC_MspInit
                0x08003d28        0x2 ./build/stm32f1xx_hal_adc.o
                0x08003d28                HAL_ADC_MspInit
 .text.ADC_DMAConvCplt
                0x08003d2a       0x4e ./build/stm32f1xx_hal_adc.o
                0x08003d2a                ADC_DMAConvCplt
 .text.HAL_ADC_ConvHalfCpltCallback
                0x08003d78        0x2 ./build/stm32f1xx_hal_adc.o
                0x08003d78                HAL_ADC_ConvHalfCpltCallback
 .text.ADC_DMAHalfConvCplt
                0x08003d7a        0xa ./build/stm32f1xx_hal_adc.o
                0x08003d7a                ADC_DMAHalfConvCplt
 .text.HAL_ADC_ErrorCallback
                0x08003d84        0x2 ./build/stm32f1xx_hal_adc.o
                0x08003d84                HAL_ADC_ErrorCallback
 .text.ADC_DMAError
                0x08003d86       0x1a ./build/stm32f1xx_hal_adc.o
                0x08003d86                ADC_DMAError
 .text.HAL_ADC_ConfigChannel
                0x08003da0      0x100 ./build/stm32f1xx_hal_adc.o
                0x08003da0                HAL_ADC_ConfigChannel
 .text.ADC_Enable
                0x08003ea0       0x78 ./build/stm32f1xx_hal_adc.o
                0x08003ea0                ADC_Enable
 .text.HAL_ADC_Start_DMA
                0x08003f18      0x11c ./build/stm32f1xx_hal_adc.o
                0x08003f18                HAL_ADC_Start_DMA
 .text.ADC_ConversionStop_Disable
                0x08004034       0x4c ./build/stm32f1xx_hal_adc.o
                0x08004034                ADC_ConversionStop_Disable
 .text.HAL_ADC_Init
                0x08004080       0xfc ./build/stm32f1xx_hal_adc.o
                0x08004080                HAL_ADC_Init
 .text.HAL_CAN_MspInit
                0x0800417c        0x2 ./build/stm32f1xx_hal_can.o
                0x0800417c                HAL_CAN_MspInit
 .text.HAL_CAN_Init
                0x0800417e      0x102 ./build/stm32f1xx_hal_can.o
                0x0800417e                HAL_CAN_Init
 .text.HAL_CAN_ConfigFilter
                0x08004280       0xee ./build/stm32f1xx_hal_can.o
                0x08004280                HAL_CAN_ConfigFilter
 .text.HAL_CAN_Start
                0x0800436e       0x56 ./build/stm32f1xx_hal_can.o
                0x0800436e                HAL_CAN_Start
 .text.HAL_CAN_AddTxMessage
                0x080043c4       0xa4 ./build/stm32f1xx_hal_can.o
                0x080043c4                HAL_CAN_AddTxMessage
 .text.HAL_CAN_ActivateNotification
                0x08004468       0x22 ./build/stm32f1xx_hal_can.o
                0x08004468                HAL_CAN_ActivateNotification
 *fill*         0x0800448a        0x2 
 .text.HAL_NVIC_SetPriorityGrouping
                0x0800448c       0x24 ./build/stm32f1xx_hal_cortex.o
                0x0800448c                HAL_NVIC_SetPriorityGrouping
 .text.HAL_NVIC_SetPriority
                0x080044b0       0x60 ./build/stm32f1xx_hal_cortex.o
                0x080044b0                HAL_NVIC_SetPriority
 .text.HAL_NVIC_EnableIRQ
                0x08004510       0x1c ./build/stm32f1xx_hal_cortex.o
                0x08004510                HAL_NVIC_EnableIRQ
 .text.HAL_SYSTICK_Config
                0x0800452c       0x28 ./build/stm32f1xx_hal_cortex.o
                0x0800452c                HAL_SYSTICK_Config
 .text.HAL_DMA_Init
                0x08004554       0x60 ./build/stm32f1xx_hal_dma.o
                0x08004554                HAL_DMA_Init
 .text.HAL_DMA_Start_IT
                0x080045b4       0x8a ./build/stm32f1xx_hal_dma.o
                0x080045b4                HAL_DMA_Start_IT
 *fill*         0x0800463e        0x2 
 .text.FLASH_SetErrorCode
                0x08004640       0x50 ./build/stm32f1xx_hal_flash.o
 .text.HAL_FLASH_Unlock
                0x08004690       0x24 ./build/stm32f1xx_hal_flash.o
                0x08004690                HAL_FLASH_Unlock
 .text.HAL_FLASH_Lock
                0x080046b4       0x14 ./build/stm32f1xx_hal_flash.o
                0x080046b4                HAL_FLASH_Lock
 .text.FLASH_WaitForLastOperation
                0x080046c8       0x54 ./build/stm32f1xx_hal_flash.o
                0x080046c8                FLASH_WaitForLastOperation
 .text.HAL_FLASH_Program
                0x0800471c       0xa4 ./build/stm32f1xx_hal_flash.o
                0x0800471c                HAL_FLASH_Program
 .text.FLASH_PageErase
                0x080047c0       0x24 ./build/stm32f1xx_hal_flash_ex.o
                0x080047c0                FLASH_PageErase
 .text.HAL_FLASHEx_Erase
                0x080047e4       0xa8 ./build/stm32f1xx_hal_flash_ex.o
                0x080047e4                HAL_FLASHEx_Erase
 .text.HAL_GPIO_Init
                0x0800488c      0x204 ./build/stm32f1xx_hal_gpio.o
                0x0800488c                HAL_GPIO_Init
 .text.HAL_GPIO_WritePin
                0x08004a90        0xa ./build/stm32f1xx_hal_gpio.o
                0x08004a90                HAL_GPIO_WritePin
 .text.HAL_GPIO_TogglePin
                0x08004a9a       0x12 ./build/stm32f1xx_hal_gpio.o
                0x08004a9a                HAL_GPIO_TogglePin
 .text.HAL_IWDG_Init
                0x08004aac       0x58 ./build/stm32f1xx_hal_iwdg.o
                0x08004aac                HAL_IWDG_Init
 .text.HAL_IWDG_Refresh
                0x08004b04        0xc ./build/stm32f1xx_hal_iwdg.o
                0x08004b04                HAL_IWDG_Refresh
 .text.HAL_RCC_OscConfig
                0x08004b10      0x32c ./build/stm32f1xx_hal_rcc.o
                0x08004b10                HAL_RCC_OscConfig
 .text.HAL_RCC_GetSysClockFreq
                0x08004e3c       0x4c ./build/stm32f1xx_hal_rcc.o
                0x08004e3c                HAL_RCC_GetSysClockFreq
 .text.HAL_RCC_ClockConfig
                0x08004e88      0x140 ./build/stm32f1xx_hal_rcc.o
                0x08004e88                HAL_RCC_ClockConfig
 .text.HAL_RCC_GetPCLK1Freq
                0x08004fc8       0x20 ./build/stm32f1xx_hal_rcc.o
                0x08004fc8                HAL_RCC_GetPCLK1Freq
 .text.HAL_RCC_GetPCLK2Freq
                0x08004fe8       0x20 ./build/stm32f1xx_hal_rcc.o
                0x08004fe8                HAL_RCC_GetPCLK2Freq
 .text.TIM_OC1_SetConfig
                0x08005008       0x54 ./build/stm32f1xx_hal_tim.o
 .text.TIM_OC3_SetConfig
                0x0800505c       0x58 ./build/stm32f1xx_hal_tim.o
 .text.TIM_OC4_SetConfig
                0x080050b4       0x44 ./build/stm32f1xx_hal_tim.o
 .text.HAL_TIM_Base_MspInit
                0x080050f8        0x2 ./build/stm32f1xx_hal_tim.o
                0x080050f8                HAL_TIM_Base_MspInit
 *fill*         0x080050fa        0x2 
 .text.HAL_TIM_Base_Start
                0x080050fc       0x4c ./build/stm32f1xx_hal_tim.o
                0x080050fc                HAL_TIM_Base_Start
 .text.HAL_TIM_Base_Start_IT
                0x08005148       0x54 ./build/stm32f1xx_hal_tim.o
                0x08005148                HAL_TIM_Base_Start_IT
 .text.HAL_TIM_PWM_MspInit
                0x0800519c        0x2 ./build/stm32f1xx_hal_tim.o
                0x0800519c                HAL_TIM_PWM_MspInit
 .text.HAL_TIM_Encoder_Start
                0x0800519e       0xb2 ./build/stm32f1xx_hal_tim.o
                0x0800519e                HAL_TIM_Encoder_Start
 .text.TIM_Base_SetConfig
                0x08005250       0x5c ./build/stm32f1xx_hal_tim.o
                0x08005250                TIM_Base_SetConfig
 .text.HAL_TIM_Base_Init
                0x080052ac       0x58 ./build/stm32f1xx_hal_tim.o
                0x080052ac                HAL_TIM_Base_Init
 .text.HAL_TIM_PWM_Init
                0x08005304       0x58 ./build/stm32f1xx_hal_tim.o
                0x08005304                HAL_TIM_PWM_Init
 .text.TIM_OC2_SetConfig
                0x0800535c       0x5c ./build/stm32f1xx_hal_tim.o
                0x0800535c                TIM_OC2_SetConfig
 .text.HAL_TIM_PWM_ConfigChannel
                0x080053b8       0xc8 ./build/stm32f1xx_hal_tim.o
                0x080053b8                HAL_TIM_PWM_ConfigChannel
 .text.TIM_CCxChannelCmd
                0x08005480       0x1c ./build/stm32f1xx_hal_tim.o
                0x08005480                TIM_CCxChannelCmd
 .text.HAL_TIM_OC_Start
                0x0800549c       0xa4 ./build/stm32f1xx_hal_tim.o
                0x0800549c                HAL_TIM_OC_Start
 .text.HAL_TIM_PWM_Start
                0x08005540        0x4 ./build/stm32f1xx_hal_tim.o
                0x08005540                HAL_TIM_PWM_Start
 .text.HAL_TIM_OC_Stop
                0x08005544       0x78 ./build/stm32f1xx_hal_tim.o
                0x08005544                HAL_TIM_OC_Stop
 .text.HAL_TIM_PWM_Stop
                0x080055bc        0x4 ./build/stm32f1xx_hal_tim.o
                0x080055bc                HAL_TIM_PWM_Stop
 .text.TIM_CCxNChannelCmd
                0x080055c0       0x1c ./build/stm32f1xx_hal_tim_ex.o
 .text.HAL_TIMEx_OCN_Start
                0x080055dc       0x9c ./build/stm32f1xx_hal_tim_ex.o
                0x080055dc                HAL_TIMEx_OCN_Start
 .text.HAL_TIMEx_OCN_Stop
                0x08005678       0x6e ./build/stm32f1xx_hal_tim_ex.o
                0x08005678                HAL_TIMEx_OCN_Stop
 .text.HAL_TIMEx_PWMN_Start
                0x080056e6        0x4 ./build/stm32f1xx_hal_tim_ex.o
                0x080056e6                HAL_TIMEx_PWMN_Start
 .text.HAL_TIMEx_PWMN_Stop
                0x080056ea        0x4 ./build/stm32f1xx_hal_tim_ex.o
                0x080056ea                HAL_TIMEx_PWMN_Stop
 .text.HAL_TIMEx_ConfigBreakDeadTime
                0x080056ee       0x52 ./build/stm32f1xx_hal_tim_ex.o
                0x080056ee                HAL_TIMEx_ConfigBreakDeadTime
 .text.UART_EndRxTransfer
                0x08005740       0x5a ./build/stm32f1xx_hal_uart.o
 *fill*         0x0800579a        0x2 
 .text.UART_SetConfig
                0x0800579c       0x78 ./build/stm32f1xx_hal_uart.o
 .text.UART_WaitOnFlagUntilTimeout.constprop.0
                0x08005814       0x64 ./build/stm32f1xx_hal_uart.o
 .text.HAL_UART_MspInit
                0x08005878        0x2 ./build/stm32f1xx_hal_uart.o
                0x08005878                HAL_UART_MspInit
 .text.HAL_UART_Init
                0x0800587a       0x62 ./build/stm32f1xx_hal_uart.o
                0x0800587a                HAL_UART_Init
 .text.HAL_UART_Transmit
                0x080058dc       0x9c ./build/stm32f1xx_hal_uart.o
                0x080058dc                HAL_UART_Transmit
 .text.prvAddCurrentTaskToDelayedList
                0x08005978       0xa0 ./build/tasks.o
 .text.prvResetNextTaskUnblockTime
                0x08005a18       0x24 ./build/tasks.o
 .text.prvIdleTask
                0x08005a3c       0x68 ./build/tasks.o
 .text.xTaskCreate
                0x08005aa4      0x1c4 ./build/tasks.o
                0x08005aa4                xTaskCreate
 .text.vTaskStartScheduler
                0x08005c68       0x6c ./build/tasks.o
                0x08005c68                vTaskStartScheduler
 .text.vTaskSuspendAll
                0x08005cd4       0x10 ./build/tasks.o
                0x08005cd4                vTaskSuspendAll
 .text.xTaskGetTickCount
                0x08005ce4        0xc ./build/tasks.o
                0x08005ce4                xTaskGetTickCount
 .text.xTaskIncrementTick
                0x08005cf0      0x18c ./build/tasks.o
                0x08005cf0                xTaskIncrementTick
 .text.xTaskResumeAll
                0x08005e7c      0x164 ./build/tasks.o
                0x08005e7c                xTaskResumeAll
 .text.xTaskDelayUntil
                0x08005fe0       0x54 ./build/tasks.o
                0x08005fe0                xTaskDelayUntil
 .text.vTaskDelay
                0x08006034       0x2e ./build/tasks.o
                0x08006034                vTaskDelay
 *fill*         0x08006062        0x2 
 .text.vTaskSwitchContext
                0x08006064       0x84 ./build/tasks.o
                0x08006064                vTaskSwitchContext
 .text.vTaskPlaceOnEventList
                0x080060e8       0x20 ./build/tasks.o
                0x080060e8                vTaskPlaceOnEventList
 .text.vTaskPlaceOnEventListRestricted
                0x08006108       0x44 ./build/tasks.o
                0x08006108                vTaskPlaceOnEventListRestricted
 .text.xTaskRemoveFromEventList
                0x0800614c       0xcc ./build/tasks.o
                0x0800614c                xTaskRemoveFromEventList
 .text.vTaskInternalSetTimeOutState
                0x08006218       0x18 ./build/tasks.o
                0x08006218                vTaskInternalSetTimeOutState
 .text.xTaskCheckForTimeOut
                0x08006230       0x50 ./build/tasks.o
                0x08006230                xTaskCheckForTimeOut
 .text.vTaskMissedYield
                0x08006280        0xc ./build/tasks.o
                0x08006280                vTaskMissedYield
 .text.xTaskPriorityInherit
                0x0800628c       0xa4 ./build/tasks.o
                0x0800628c                xTaskPriorityInherit
 .text.xTaskPriorityDisinherit
                0x08006330       0x78 ./build/tasks.o
                0x08006330                xTaskPriorityDisinherit
 .text.vTaskPriorityDisinheritAfterTimeout
                0x080063a8       0x84 ./build/tasks.o
                0x080063a8                vTaskPriorityDisinheritAfterTimeout
 .text.pvTaskIncrementMutexHeldCount
                0x0800642c       0x18 ./build/tasks.o
                0x0800642c                pvTaskIncrementMutexHeldCount
 .text.prvIsQueueEmpty
                0x08006444       0x16 ./build/queue.o
 .text.prvCopyDataToQueue
                0x0800645a       0x66 ./build/queue.o
 .text.prvCopyDataFromQueue
                0x080064c0       0x26 ./build/queue.o
 .text.prvUnlockQueue
                0x080064e6       0x6c ./build/queue.o
 .text.xQueueGenericReset
                0x08006552       0x7a ./build/queue.o
                0x08006552                xQueueGenericReset
 .text.xQueueGenericCreate
                0x080065cc       0x4a ./build/queue.o
                0x080065cc                xQueueGenericCreate
 .text.xQueueGenericSend
                0x08006616       0xfa ./build/queue.o
                0x08006616                xQueueGenericSend
 .text.xQueueCreateMutex
                0x08006710       0x24 ./build/queue.o
                0x08006710                xQueueCreateMutex
 .text.xQueueReceive
                0x08006734       0xee ./build/queue.o
                0x08006734                xQueueReceive
 .text.xQueueSemaphoreTake
                0x08006822      0x11c ./build/queue.o
                0x08006822                xQueueSemaphoreTake
 .text.vQueueWaitForMessageRestricted
                0x0800693e       0x46 ./build/queue.o
                0x0800693e                vQueueWaitForMessageRestricted
 .text.vListInitialise
                0x08006984       0x16 ./build/list.o
                0x08006984                vListInitialise
 .text.vListInitialiseItem
                0x0800699a        0x6 ./build/list.o
                0x0800699a                vListInitialiseItem
 .text.vListInsert
                0x080069a0       0x2e ./build/list.o
                0x080069a0                vListInsert
 .text.uxListRemove
                0x080069ce       0x24 ./build/list.o
                0x080069ce                uxListRemove
 *fill*         0x080069f2        0x2 
 .text.prvInsertTimerInActiveList
                0x080069f4       0x3c ./build/timers.o
 .text.prvReloadTimer
                0x08006a30       0x26 ./build/timers.o
 *fill*         0x08006a56        0x2 
 .text.prvProcessExpiredTimer
                0x08006a58       0x40 ./build/timers.o
 .text.prvSwitchTimerLists
                0x08006a98       0x2c ./build/timers.o
 .text.prvCheckForValidListAndQueue
                0x08006ac4       0x4c ./build/timers.o
 .text.prvTimerTask
                0x08006b10      0x17c ./build/timers.o
 .text.xTimerCreateTimerTask
                0x08006c8c       0x38 ./build/timers.o
                0x08006c8c                xTimerCreateTimerTask
 .text.prvInsertBlockIntoFreeList
                0x08006cc4       0x4c ./build/heap_4.o
 .text.pvPortMalloc
                0x08006d10      0x100 ./build/heap_4.o
                0x08006d10                pvPortMalloc
 .text.vPortFree
                0x08006e10       0x50 ./build/heap_4.o
                0x08006e10                vPortFree
 .text.prvTaskExitError
                0x08006e60       0x20 ./build/port.o
 .text.prvPortStartFirstTask
                0x08006e80       0x20 ./build/port.o
 .text.pxPortInitialiseStack
                0x08006ea0       0x24 ./build/port.o
                0x08006ea0                pxPortInitialiseStack
 *fill*         0x08006ec4        0xc 
 .text.vPortSVCHandler
                0x08006ed0       0x24 ./build/port.o
                0x08006ed0                vPortSVCHandler
 .text.vPortEnterCritical
                0x08006ef4       0x20 ./build/port.o
                0x08006ef4                vPortEnterCritical
 .text.vPortExitCritical
                0x08006f14       0x14 ./build/port.o
                0x08006f14                vPortExitCritical
 *fill*         0x08006f28        0x8 
 .text.xPortPendSVHandler
                0x08006f30       0x44 ./build/port.o
                0x08006f30                xPortPendSVHandler
 .text.xPortSysTickHandler
                0x08006f74       0x2c ./build/port.o
                0x08006f74                xPortSysTickHandler
 .text.vPortSetupTimerInterrupt
                0x08006fa0       0x24 ./build/port.o
                0x08006fa0                vPortSetupTimerInterrupt
 .text.xPortStartScheduler
                0x08006fc4       0x8c ./build/port.o
                0x08006fc4                xPortStartScheduler
 .text.Reset_Handler
                0x08007050       0x48 ./build/startup_stm32f103xb.o
                0x08007050                Reset_Handler
 .text.Default_Handler
                0x08007098        0x2 ./build/startup_stm32f103xb.o
                0x08007098                RTC_Alarm_IRQHandler
                0x08007098                EXTI2_IRQHandler
                0x08007098                DebugMon_Handler
                0x08007098                TIM1_CC_IRQHandler
                0x08007098                PVD_IRQHandler
                0x08007098                NMI_Handler
                0x08007098                EXTI3_IRQHandler
                0x08007098                EXTI0_IRQHandler
                0x08007098                I2C2_EV_IRQHandler
                0x08007098                ADC1_2_IRQHandler
                0x08007098                SPI1_IRQHandler
                0x08007098                TAMPER_IRQHandler
                0x08007098                DMA1_Channel4_IRQHandler
                0x08007098                USART3_IRQHandler
                0x08007098                RTC_IRQHandler
                0x08007098                DMA1_Channel7_IRQHandler
                0x08007098                CAN1_RX1_IRQHandler
                0x08007098                TIM4_IRQHandler
                0x08007098                I2C1_EV_IRQHandler
                0x08007098                DMA1_Channel6_IRQHandler
                0x08007098                RCC_IRQHandler
                0x08007098                TIM1_TRG_COM_IRQHandler
                0x08007098                DMA1_Channel1_IRQHandler
                0x08007098                Default_Handler
                0x08007098                EXTI15_10_IRQHandler
                0x08007098                EXTI9_5_IRQHandler
                0x08007098                SPI2_IRQHandler
                0x08007098                DMA1_Channel5_IRQHandler
                0x08007098                EXTI4_IRQHandler
                0x08007098                USB_LP_CAN1_RX0_IRQHandler
                0x08007098                USB_HP_CAN1_TX_IRQHandler
                0x08007098                DMA1_Channel3_IRQHandler
                0x08007098                TIM1_UP_IRQHandler
                0x08007098                WWDG_IRQHandler
                0x08007098                TIM2_IRQHandler
                0x08007098                TIM1_BRK_IRQHandler
                0x08007098                EXTI1_IRQHandler
                0x08007098                I2C2_ER_IRQHandler
                0x08007098                DMA1_Channel2_IRQHandler
                0x08007098                CAN1_SCE_IRQHandler
                0x08007098                FLASH_IRQHandler
                0x08007098                USART1_IRQHandler
                0x08007098                I2C1_ER_IRQHandler
                0x08007098                USBWakeUp_IRQHandler
 *fill*         0x0800709a        0x2 
 .text.logf     0x0800709c       0x54 C:/arm_gcc/bin/../lib/gcc/arm-none-eabi/14.2.1/thumb/v7-m/nofp\libm.a(libm_a-wf_log.o)
                0x0800709c                logf
 .text.nanf     0x080070f0        0x8 C:/arm_gcc/bin/../lib/gcc/arm-none-eabi/14.2.1/thumb/v7-m/nofp\libm.a(libm_a-sf_nan.o)
                0x080070f0                nanf
 .text.__ieee754_logf
                0x080070f8      0x258 C:/arm_gcc/bin/../lib/gcc/arm-none-eabi/14.2.1/thumb/v7-m/nofp\libm.a(libm_a-ef_log.o)
                0x080070f8                __ieee754_logf
 .text.atoi     0x08007350        0x8 C:/arm_gcc/bin/../lib/gcc/arm-none-eabi/14.2.1/thumb/v7-m/nofp\libc_nano.a(libc_a-atoi.o)
                0x08007350                atoi
 .text._strtol_l.isra.0
                0x08007358       0xf4 C:/arm_gcc/bin/../lib/gcc/arm-none-eabi/14.2.1/thumb/v7-m/nofp\libc_nano.a(libc_a-strtol.o)
 .text.strtol   0x0800744c       0x14 C:/arm_gcc/bin/../lib/gcc/arm-none-eabi/14.2.1/thumb/v7-m/nofp\libc_nano.a(libc_a-strtol.o)
                0x0800744c                strtol
 .text._strtoul_l.isra.0
                0x08007460       0xdc C:/arm_gcc/bin/../lib/gcc/arm-none-eabi/14.2.1/thumb/v7-m/nofp\libc_nano.a(libc_a-strtoul.o)
 .text.strtoul  0x0800753c       0x14 C:/arm_gcc/bin/../lib/gcc/arm-none-eabi/14.2.1/thumb/v7-m/nofp\libc_nano.a(libc_a-strtoul.o)
                0x0800753c                strtoul
 .text.snprintf
                0x08007550       0x6c C:/arm_gcc/bin/../lib/gcc/arm-none-eabi/14.2.1/thumb/v7-m/nofp\libc_nano.a(libc_a-snprintf.o)
                0x08007550                sniprintf
                0x08007550                snprintf
 .text._vsnprintf_r
                0x080075bc       0x5c C:/arm_gcc/bin/../lib/gcc/arm-none-eabi/14.2.1/thumb/v7-m/nofp\libc_nano.a(libc_a-vsnprintf.o)
                0x080075bc                _vsniprintf_r
                0x080075bc                _vsnprintf_r
 .text.vsnprintf
                0x08007618       0x1c C:/arm_gcc/bin/../lib/gcc/arm-none-eabi/14.2.1/thumb/v7-m/nofp\libc_nano.a(libc_a-vsnprintf.o)
                0x08007618                vsniprintf
                0x08007618                vsnprintf
 .text.memset   0x08007634       0x10 C:/arm_gcc/bin/../lib/gcc/arm-none-eabi/14.2.1/thumb/v7-m/nofp\libc_nano.a(libc_a-memset.o)
                0x08007634                memset
 .text.strcat   0x08007644       0x1e C:/arm_gcc/bin/../lib/gcc/arm-none-eabi/14.2.1/thumb/v7-m/nofp\libc_nano.a(libc_a-strcat.o)
                0x08007644                strcat
 *fill*         0x08007662        0x2 
 .text.__errno  0x08007664        0xc C:/arm_gcc/bin/../lib/gcc/arm-none-eabi/14.2.1/thumb/v7-m/nofp\libc_nano.a(libc_a-errno.o)
                0x08007664                __errno
 .text.__libc_init_array
                0x08007670       0x48 C:/arm_gcc/bin/../lib/gcc/arm-none-eabi/14.2.1/thumb/v7-m/nofp\libc_nano.a(libc_a-init.o)
                0x08007670                __libc_init_array
 .text.__retarget_lock_acquire_recursive
                0x080076b8        0x2 C:/arm_gcc/bin/../lib/gcc/arm-none-eabi/14.2.1/thumb/v7-m/nofp\libc_nano.a(libc_a-lock.o)
                0x080076b8                __retarget_lock_acquire_recursive
 .text.__retarget_lock_release_recursive
                0x080076ba        0x2 C:/arm_gcc/bin/../lib/gcc/arm-none-eabi/14.2.1/thumb/v7-m/nofp\libc_nano.a(libc_a-lock.o)
                0x080076ba                __retarget_lock_release_recursive
 .text.strcpy   0x080076bc       0x10 C:/arm_gcc/bin/../lib/gcc/arm-none-eabi/14.2.1/thumb/v7-m/nofp\libc_nano.a(libc_a-strcpy.o)
                0x080076bc                strcpy
 .text.memcpy   0x080076cc       0x1c C:/arm_gcc/bin/../lib/gcc/arm-none-eabi/14.2.1/thumb/v7-m/nofp\libc_nano.a(libc_a-memcpy-stub.o)
                0x080076cc                memcpy
 .text._free_r  0x080076e8       0x90 C:/arm_gcc/bin/../lib/gcc/arm-none-eabi/14.2.1/thumb/v7-m/nofp\libc_nano.a(libc_a-freer.o)
                0x080076e8                _free_r
 .text.sbrk_aligned
                0x08007778       0x44 C:/arm_gcc/bin/../lib/gcc/arm-none-eabi/14.2.1/thumb/v7-m/nofp\libc_nano.a(libc_a-mallocr.o)
 .text._malloc_r
                0x080077bc      0x100 C:/arm_gcc/bin/../lib/gcc/arm-none-eabi/14.2.1/thumb/v7-m/nofp\libc_nano.a(libc_a-mallocr.o)
                0x080077bc                _malloc_r
 .text.__malloc_lock
                0x080078bc        0xc C:/arm_gcc/bin/../lib/gcc/arm-none-eabi/14.2.1/thumb/v7-m/nofp\libc_nano.a(libc_a-mlock.o)
                0x080078bc                __malloc_lock
 .text.__malloc_unlock
                0x080078c8        0xc C:/arm_gcc/bin/../lib/gcc/arm-none-eabi/14.2.1/thumb/v7-m/nofp\libc_nano.a(libc_a-mlock.o)
                0x080078c8                __malloc_unlock
 .text.__ssputs_r
                0x080078d4       0xc0 C:/arm_gcc/bin/../lib/gcc/arm-none-eabi/14.2.1/thumb/v7-m/nofp\libc_nano.a(libc_a-nano-svfprintf.o)
                0x080078d4                __ssputs_r
 .text._svfprintf_r
                0x08007994      0x1f8 C:/arm_gcc/bin/../lib/gcc/arm-none-eabi/14.2.1/thumb/v7-m/nofp\libc_nano.a(libc_a-nano-svfprintf.o)
                0x08007994                _svfiprintf_r
                0x08007994                _svfprintf_r
 .text._printf_common
                0x08007b8c       0xe4 C:/arm_gcc/bin/../lib/gcc/arm-none-eabi/14.2.1/thumb/v7-m/nofp\libc_nano.a(libc_a-nano-vfprintf_i.o)
                0x08007b8c                _printf_common
 .text._printf_i
                0x08007c70      0x240 C:/arm_gcc/bin/../lib/gcc/arm-none-eabi/14.2.1/thumb/v7-m/nofp\libc_nano.a(libc_a-nano-vfprintf_i.o)
                0x08007c70                _printf_i
 .text.memmove  0x08007eb0       0x32 C:/arm_gcc/bin/../lib/gcc/arm-none-eabi/14.2.1/thumb/v7-m/nofp\libc_nano.a(libc_a-memmove.o)
                0x08007eb0                memmove
 *fill*         0x08007ee2        0x2 
 .text._sbrk_r  0x08007ee4       0x20 C:/arm_gcc/bin/../lib/gcc/arm-none-eabi/14.2.1/thumb/v7-m/nofp\libc_nano.a(libc_a-sbrkr.o)
                0x08007ee4                _sbrk_r
 .text.memchr   0x08007f04       0x1c C:/arm_gcc/bin/../lib/gcc/arm-none-eabi/14.2.1/thumb/v7-m/nofp\libc_nano.a(libc_a-memchr-stub.o)
                0x08007f04                memchr
 .text._realloc_r
                0x08007f20       0x5c C:/arm_gcc/bin/../lib/gcc/arm-none-eabi/14.2.1/thumb/v7-m/nofp\libc_nano.a(libc_a-reallocr.o)
                0x08007f20                _realloc_r
 .text._malloc_usable_size_r
                0x08007f7c       0x10 C:/arm_gcc/bin/../lib/gcc/arm-none-eabi/14.2.1/thumb/v7-m/nofp\libc_nano.a(libc_a-msizer.o)
                0x08007f7c                _malloc_usable_size_r
 .text._sbrk    0x08007f8c       0x1c C:/arm_gcc/bin/../lib/gcc/arm-none-eabi/14.2.1/thumb/v7-m/nofp\libnosys.a(sbrk.o)
                0x08007f8c                _sbrk
 *(.glue_7)
 .glue_7        0x08007fa8        0x0 linker stubs
 *(.glue_7t)
 .glue_7t       0x08007fa8        0x0 linker stubs
 *(.eh_frame)
 *(.init)
 .init          0x08007fa8        0x4 C:/arm_gcc/bin/../lib/gcc/arm-none-eabi/14.2.1/thumb/v7-m/nofp/crti.o
                0x08007fa8                _init
 .init          0x08007fac        0x8 C:/arm_gcc/bin/../lib/gcc/arm-none-eabi/14.2.1/thumb/v7-m/nofp/crtn.o
 *(.fini)
 .fini          0x08007fb4        0x4 C:/arm_gcc/bin/../lib/gcc/arm-none-eabi/14.2.1/thumb/v7-m/nofp/crti.o
                0x08007fb4                _fini
 .fini          0x08007fb8        0x8 C:/arm_gcc/bin/../lib/gcc/arm-none-eabi/14.2.1/thumb/v7-m/nofp/crtn.o
                0x08007fc0                        . = ALIGN (0x4)
                0x08007fc0                        _etext = .

.vfp11_veneer   0x08007fc0        0x0
 .vfp11_veneer  0x08007fc0        0x0 linker stubs

.v4_bx          0x08007fc0        0x0
 .v4_bx         0x08007fc0        0x0 linker stubs

.iplt           0x08007fc0        0x0
 .iplt          0x08007fc0        0x0 ./build/adc.o

.rodata         0x08007fc0     0x10c0
                0x08007fc0                        . = ALIGN (0x4)
 *(.rodata)
 .rodata        0x08007fc0       0x90 ./build/flash.o
 *(.rodata*)
 .rodata.flash_params_save.str1.1
                0x08008050      0xccd ./build/flash.o
                                 0x1e (size before relaxing)
 .rodata.flash_restore_factory.str1.1
                0x08008d1d       0x18 ./build/flash.o
 .rodata.flash_params_load.str1.1
                0x08008d1d       0x39 ./build/flash.o
 *fill*         0x08008d1d        0x1 
 .rodata.table.0
                0x08008d1e      0x200 ./build/flash.o
 .rodata.main.str1.1
                0x08008f1e       0x2a ./build/main.o
 .rodata.motor_drv_init.str1.1
                0x08008f1e       0x19 ./build/motor_drv.o
 .rodata.motor_zero_auto.str1.1
                0x08008f1e       0x17 ./build/motor_drv.o
 .rodata.motor_zero_sensor.str1.1
                0x08008f1e       0x18 ./build/motor_drv.o
 .rodata.protection_fault_reset.str1.1
                0x08008f1e       0x14 ./build/protection.o
 .rodata.protection_estop_trigger.str1.1
                0x08008f1e        0x7 ./build/protection.o
 .rodata.protection_handle_fault.str1.1
                0x08008f1e       0x2f ./build/protection.o
 .rodata.CSWTCH.35
                0x08008f1e       0x12 ./build/protection.o
 .rodata.state_machine_transition.str1.1
                0x08008f30       0x14 ./build/state_machine.o
 .rodata.CSWTCH.16
                0x08008f30        0x7 ./build/state_machine.o
 .rodata.uart_cli_init.str1.1
                0x08008f37       0xaf ./build/uart_cli.o
 .rodata.log_print.str1.1
                0x08008f37       0x15 ./build/uart_cli.o
 .rodata.uart_cli_trace_output.str1.1
                0x08008f37       0x16 ./build/uart_cli.o
 .rodata.uart_cli_task.str1.1
                0x08008f37      0x597 ./build/uart_cli.o
 .rodata.str1.1
                0x08008f37       0x11 ./build/uart_cli.o
 *fill*         0x08008f37        0x1 
 .rodata.lvl_str.1
                0x08008f38       0x14 ./build/uart_cli.o
 .rodata.canopen_init.str1.1
                0x08008f4c       0x23 ./build/canopen.o
 .rodata.co_emcy_send_reset.str1.1
                0x08008f4c       0x10 ./build/co_emcy.o
 .rodata.co_emcy_send_alarm.str1.1
                0x08008f4c       0x18 ./build/co_emcy.o
 .rodata.co_objdict_init.str1.1
                0x08008f4c      0x4a0 ./build/co_objdict.o
 .rodata.APBPrescTable
                0x08008f4c        0x8 ./build/system_stm32f1xx.o
                0x08008f4c                APBPrescTable
 .rodata.AHBPrescTable
                0x08008f54       0x10 ./build/system_stm32f1xx.o
                0x08008f54                AHBPrescTable
 .rodata.aPredivFactorTable.0
                0x08008f64        0x2 ./build/stm32f1xx_hal_rcc.o
 .rodata.aPLLMULFactorTable.1
                0x08008f66       0x10 ./build/stm32f1xx_hal_rcc.o
 .rodata.vTaskStartScheduler.str1.1
                0x08008f76        0x5 ./build/tasks.o
 *fill*         0x08008f76        0x2 
 .rodata.uxTopUsedPriority
                0x08008f78        0x4 ./build/tasks.o
                0x08008f78                uxTopUsedPriority
 .rodata.xTimerCreateTimerTask.str1.1
                0x08008f7c        0x8 ./build/timers.o
 .rodata.logf.str1.4
                0x08008f7c        0x1 C:/arm_gcc/bin/../lib/gcc/arm-none-eabi/14.2.1/thumb/v7-m/nofp\libm.a(libm_a-wf_log.o)
 .rodata._ctype_
                0x08008f7d      0x101 C:/arm_gcc/bin/../lib/gcc/arm-none-eabi/14.2.1/thumb/v7-m/nofp\libc_nano.a(libc_a-ctype_.o)
                0x08008f7d                _ctype_
 .rodata._svfprintf_r.str1.1
                0x0800907e       0x11 C:/arm_gcc/bin/../lib/gcc/arm-none-eabi/14.2.1/thumb/v7-m/nofp\libc_nano.a(libc_a-nano-svfprintf.o)
 .rodata._printf_i.str1.1
                0x0800907e       0x22 C:/arm_gcc/bin/../lib/gcc/arm-none-eabi/14.2.1/thumb/v7-m/nofp\libc_nano.a(libc_a-nano-vfprintf_i.o)
                0x080090a0                        . = ALIGN (0x4)
 *fill*         0x0800907e        0x2 

.ARM.extab      0x08009080        0x0
                0x08009080                        . = ALIGN (0x4)
 *(.ARM.extab* .gnu.linkonce.armextab.*)
                0x08009080                        . = ALIGN (0x4)

.ARM.exidx      0x08009080        0x8
                0x08009080                        . = ALIGN (0x4)
                0x08009080                        __exidx_start = .
 *(.ARM.exidx* .gnu.linkonce.armexidx.*)
 .ARM.exidx     0x08009080        0x8 C:/arm_gcc/bin/../lib/gcc/arm-none-eabi/14.2.1/thumb/v7-m/nofp\libc_nano.a(libc_a-strcmp.o)
 .ARM.exidx     0x08009088        0x0 C:/arm_gcc/bin/../lib/gcc/arm-none-eabi/14.2.1/thumb/v7-m/nofp\libc_nano.a(libc_a-strlen.o)
                                  0x8 (size before relaxing)
                0x08009088                        __exidx_end = .
                0x08009088                        . = ALIGN (0x4)
                0x08009088                        _sidata = LOADADDR (.data)

.rel.dyn        0x08009088        0x0
 .rel.iplt      0x08009088        0x0 ./build/adc.o

.data           0x20000000       0x68 load address 0x08009088
                0x20000000                        . = ALIGN (0x4)
                0x20000000                        _sdata = .
 *(.data)
 *(.data*)
 .data.g_current_offset_mv
                0x20000000        0x4 ./build/adc.o
 .data.g_log_level
                0x20000004        0x1 ./build/uart_cli.o
 *fill*         0x20000005        0x3 
 .data.SystemCoreClock
                0x20000008        0x4 ./build/system_stm32f1xx.o
                0x20000008                SystemCoreClock
 .data.uwTickFreq
                0x2000000c        0x1 ./build/stm32f1xx_hal.o
                0x2000000c                uwTickFreq
 *fill*         0x2000000d        0x3 
 .data.uwTickPrio
                0x20000010        0x4 ./build/stm32f1xx_hal.o
                0x20000010                uwTickPrio
 .data.uxCriticalNesting
                0x20000014        0x4 ./build/port.o
 .data._impure_ptr
                0x20000018        0x4 C:/arm_gcc/bin/../lib/gcc/arm-none-eabi/14.2.1/thumb/v7-m/nofp\libc_nano.a(libc_a-impure.o)
                0x20000018                _impure_ptr
 .data._impure_data
                0x2000001c       0x4c C:/arm_gcc/bin/../lib/gcc/arm-none-eabi/14.2.1/thumb/v7-m/nofp\libc_nano.a(libc_a-impure.o)
                0x2000001c                _impure_data
                0x20000068                        . = ALIGN (0x4)
                0x20000068                        _edata = .

.igot.plt       0x20000068        0x0 load address 0x080090f0
 .igot.plt      0x20000068        0x0 ./build/adc.o

.bss            0x20000068     0x3ad0 load address 0x080090f0
                0x20000068                        . = ALIGN (0x4)
                0x20000068                        _sbss = .
 *(.bss)
 *(.bss*)
 .bss.g_adc_data
                0x20000068       0x1c ./build/adc.o
 .bss.hdma_adc  0x20000084       0x44 ./build/adc.o
 .bss.hadc      0x200000c8       0x30 ./build/adc.o
 .bss.htim_mt   0x200000f8       0x48 ./build/encoder.o
 .bss.htim_encoder
                0x20000140       0x48 ./build/encoder.o
 .bss.g_encoder
                0x20000188       0x2c ./build/encoder.o
 .bss.g_active_slot_addr
                0x200001b4        0x4 ./build/flash.o
 .bss.g_flash_slot
                0x200001b8       0xcc ./build/flash.o
 .bss.g_htim_current
                0x20000284       0x48 ./build/motor_drv.o
                0x20000284                g_htim_current
 .bss.g_motor   0x200002cc      0x138 ./build/motor_drv.o
                0x200002cc                g_motor
 .bss.g_pid_position
                0x20000404       0x38 ./build/pid.o
 .bss.g_pid_speed
                0x2000043c       0x38 ./build/pid.o
 .bss.g_pid_current
                0x20000474       0x38 ./build/pid.o
 .bss.toggle_tick.0
                0x200004ac        0x4 ./build/protection.o
 .bss.g_alarm_history_count
                0x200004b0        0x1 ./build/protection.o
 .bss.g_alarm_history_idx
                0x200004b1        0x1 ./build/protection.o
 *fill*         0x200004b2        0x2 
 .bss.g_alarm_history
                0x200004b4       0xf0 ./build/protection.o
 .bss.g_pwm_enabled
                0x200005a4        0x1 ./build/pwm.o
 *fill*         0x200005a5        0x1 
 .bss.g_pwm_duty
                0x200005a6        0x2 ./build/pwm.o
 .bss.htim_pwm  0x200005a8       0x48 ./build/pwm.o
 .bss.g_pds_state
                0x200005f0        0x1 ./build/state_machine.o
 *fill*         0x200005f1        0x3 
 .bss.last.0    0x200005f4        0x4 ./build/uart_cli.o
 .bss.g_cli_line_ready
                0x200005f8        0x1 ./build/uart_cli.o
 .bss.g_cli_idx
                0x200005f9        0x1 ./build/uart_cli.o
 .bss.g_cli_buf
                0x200005fa       0x80 ./build/uart_cli.o
 *fill*         0x2000067a        0x2 
 .bss.g_runtime_start_ms
                0x2000067c        0x4 ./build/uart_cli.o
 .bss.g_trace_enabled
                0x20000680        0x1 ./build/uart_cli.o
 *fill*         0x20000681        0x3 
 .bss.huart_debug
                0x20000684       0x48 ./build/uart_cli.o
 .bss.last_pdo_tx.0
                0x200006cc        0x4 ./build/canopen.o
 .bss.g_can_tx_mailbox
                0x200006d0        0x4 ./build/canopen.o
 .bss.g_last_sync_ms
                0x200006d4        0x4 ./build/canopen.o
 .bss.g_last_heartbeat_ms
                0x200006d8        0x4 ./build/canopen.o
 .bss.g_comm_params
                0x200006dc       0x14 ./build/canopen.o
 .bss.g_nmt_state
                0x200006f0        0x1 ./build/canopen.o
 *fill*         0x200006f1        0x3 
 .bss.hcan      0x200006f4       0x28 ./build/canopen.o
 .bss.g_last_emcy_time
                0x2000071c        0x4 ./build/co_emcy.o
 .bss.g_emcy_history_count
                0x20000720        0x1 ./build/co_emcy.o
 .bss.g_emcy_history_idx
                0x20000721        0x1 ./build/co_emcy.o
 *fill*         0x20000722        0x2 
 .bss.g_emcy_history
                0x20000724       0xa0 ./build/co_emcy.o
 .bss.g_nmt_state
                0x200007c4        0x1 ./build/co_nmt.o
 *fill*         0x200007c5        0x1 
 .bss.g_objdict_count
                0x200007c6        0x2 ./build/co_objdict.o
 .bss.g_objdict
                0x200007c8      0x780 ./build/co_objdict.o
 .bss.od_heartbeat_period
                0x20000f48        0x2 ./build/co_objdict.o
 *fill*         0x20000f4a        0x2 
 .bss.od_sync_period
                0x20000f4c        0x4 ./build/co_objdict.o
 .bss.od_product_name
                0x20000f50       0x10 ./build/co_objdict.o
 .bss.od_manufacturer
                0x20000f60       0x10 ./build/co_objdict.o
 .bss.od_runtime_hours
                0x20000f70        0x4 ./build/co_objdict.o
 .bss.od_serial_number
                0x20000f74        0x4 ./build/co_objdict.o
 .bss.od_firmware_version
                0x20000f78        0x4 ./build/co_objdict.o
 .bss.od_statusword
                0x20000f7c        0x2 ./build/co_objdict.o
 .bss.od_controlword
                0x20000f7e        0x2 ./build/co_objdict.o
 .bss.od_mode_display
                0x20000f80        0x1 ./build/co_objdict.o
 .bss.od_mode_of_operation
                0x20000f81        0x1 ./build/co_objdict.o
 *fill*         0x20000f82        0x2 
 .bss.od_comm_params
                0x20000f84        0x4 ./build/co_objdict.o
 .bss.uwTick    0x20000f88        0x4 ./build/stm32f1xx_hal.o
                0x20000f88                uwTick
 *fill*         0x20000f8c        0x4 
 .bss.pFlash    0x20000f90       0x20 ./build/stm32f1xx_hal_flash.o
                0x20000f90                pFlash
 .bss.uxSchedulerSuspended
                0x20000fb0        0x4 ./build/tasks.o
 .bss.xIdleTaskHandle
                0x20000fb4        0x4 ./build/tasks.o
 .bss.xNextTaskUnblockTime
                0x20000fb8        0x4 ./build/tasks.o
 .bss.uxTaskNumber
                0x20000fbc        0x4 ./build/tasks.o
 .bss.xNumOfOverflows
                0x20000fc0        0x4 ./build/tasks.o
 .bss.xYieldPending
                0x20000fc4        0x4 ./build/tasks.o
 .bss.xPendedTicks
                0x20000fc8        0x4 ./build/tasks.o
 .bss.xSchedulerRunning
                0x20000fcc        0x4 ./build/tasks.o
 .bss.uxTopReadyPriority
                0x20000fd0        0x4 ./build/tasks.o
 .bss.xTickCount
                0x20000fd4        0x4 ./build/tasks.o
 .bss.uxCurrentNumberOfTasks
                0x20000fd8        0x4 ./build/tasks.o
 .bss.xSuspendedTaskList
                0x20000fdc       0x14 ./build/tasks.o
 .bss.uxDeletedTasksWaitingCleanUp
                0x20000ff0        0x4 ./build/tasks.o
 .bss.xTasksWaitingTermination
                0x20000ff4       0x14 ./build/tasks.o
 .bss.xPendingReadyList
                0x20001008       0x14 ./build/tasks.o
 .bss.pxOverflowDelayedTaskList
                0x2000101c        0x4 ./build/tasks.o
 .bss.pxDelayedTaskList
                0x20001020        0x4 ./build/tasks.o
 .bss.xDelayedTaskList2
                0x20001024       0x14 ./build/tasks.o
 .bss.xDelayedTaskList1
                0x20001038       0x14 ./build/tasks.o
 .bss.pxReadyTasksLists
                0x2000104c      0x140 ./build/tasks.o
 .bss.pxCurrentTCB
                0x2000118c        0x4 ./build/tasks.o
                0x2000118c                pxCurrentTCB
 .bss.xLastTime.0
                0x20001190        0x4 ./build/timers.o
 .bss.xTimerTaskHandle
                0x20001194        0x4 ./build/timers.o
 .bss.xTimerQueue
                0x20001198        0x4 ./build/timers.o
 .bss.pxOverflowTimerList
                0x2000119c        0x4 ./build/timers.o
 .bss.pxCurrentTimerList
                0x200011a0        0x4 ./build/timers.o
 .bss.xActiveTimerList2
                0x200011a4       0x14 ./build/timers.o
 .bss.xActiveTimerList1
                0x200011b8       0x14 ./build/timers.o
 .bss.xNumberOfSuccessfulFrees
                0x200011cc        0x4 ./build/heap_4.o
 .bss.xNumberOfSuccessfulAllocations
                0x200011d0        0x4 ./build/heap_4.o
 .bss.xMinimumEverFreeBytesRemaining
                0x200011d4        0x4 ./build/heap_4.o
 .bss.xFreeBytesRemaining
                0x200011d8        0x4 ./build/heap_4.o
 .bss.pxEnd     0x200011dc        0x4 ./build/heap_4.o
 .bss.xStart    0x200011e0        0x8 ./build/heap_4.o
 .bss.ucHeap    0x200011e8     0x2800 ./build/heap_4.o
 .bss.ulMaxPRIGROUPValue
                0x200039e8        0x4 ./build/port.o
 .bss.__sf      0x200039ec      0x138 C:/arm_gcc/bin/../lib/gcc/arm-none-eabi/14.2.1/thumb/v7-m/nofp\libc_nano.a(libc_a-findfp.o)
                0x200039ec                __sf
 .bss.errno     0x20003b24        0x4 C:/arm_gcc/bin/../lib/gcc/arm-none-eabi/14.2.1/thumb/v7-m/nofp\libc_nano.a(libc_a-reent.o)
                0x20003b24                errno
 .bss.__lock___malloc_recursive_mutex
                0x20003b28        0x1 C:/arm_gcc/bin/../lib/gcc/arm-none-eabi/14.2.1/thumb/v7-m/nofp\libc_nano.a(libc_a-lock.o)
                0x20003b28                __lock___malloc_recursive_mutex
 *fill*         0x20003b29        0x3 
 .bss.__malloc_sbrk_start
                0x20003b2c        0x4 C:/arm_gcc/bin/../lib/gcc/arm-none-eabi/14.2.1/thumb/v7-m/nofp\libc_nano.a(libc_a-mallocr.o)
                0x20003b2c                __malloc_sbrk_start
 .bss.__malloc_free_list
                0x20003b30        0x4 C:/arm_gcc/bin/../lib/gcc/arm-none-eabi/14.2.1/thumb/v7-m/nofp\libc_nano.a(libc_a-mallocr.o)
                0x20003b30                __malloc_free_list
 .bss.heap_end.0
                0x20003b34        0x4 C:/arm_gcc/bin/../lib/gcc/arm-none-eabi/14.2.1/thumb/v7-m/nofp\libnosys.a(sbrk.o)
 *(COMMON)
                0x20003b38                        . = ALIGN (0x4)
                0x20003b38                        _ebss = .
                0x20003b38                        end = .
OUTPUT(build/motor_drv.elf elf32-littlearm)
LOAD linker stubs

.ARM.attributes
                0x00000000       0x29
 .ARM.attributes
                0x00000000       0x1d C:/arm_gcc/bin/../lib/gcc/arm-none-eabi/14.2.1/thumb/v7-m/nofp/crti.o
 .ARM.attributes
                0x0000001d       0x2d ./build/adc.o
 .ARM.attributes
                0x0000004a       0x2d ./build/encoder.o
 .ARM.attributes
                0x00000077       0x2d ./build/flash.o
 .ARM.attributes
                0x000000a4       0x2d ./build/main.o
 .ARM.attributes
                0x000000d1       0x2d ./build/motor_drv.o
 .ARM.attributes
                0x000000fe       0x2d ./build/pid.o
 .ARM.attributes
                0x0000012b       0x2d ./build/protection.o
 .ARM.attributes
                0x00000158       0x2d ./build/pwm.o
 .ARM.attributes
                0x00000185       0x2d ./build/state_machine.o
 .ARM.attributes
                0x000001b2       0x2d ./build/uart_cli.o
 .ARM.attributes
                0x000001df       0x2d ./build/canopen.o
 .ARM.attributes
                0x0000020c       0x2d ./build/co_cia402.o
 .ARM.attributes
                0x00000239       0x2d ./build/co_emcy.o
 .ARM.attributes
                0x00000266       0x2d ./build/co_nmt.o
 .ARM.attributes
                0x00000293       0x2d ./build/co_objdict.o
 .ARM.attributes
                0x000002c0       0x2d ./build/co_pdo.o
 .ARM.attributes
                0x000002ed       0x2d ./build/co_sdo.o
 .ARM.attributes
                0x0000031a       0x2d ./build/co_sync.o
 .ARM.attributes
                0x00000347       0x2d ./build/system_stm32f1xx.o
 .ARM.attributes
                0x00000374       0x2d ./build/stm32f1xx_hal.o
 .ARM.attributes
                0x000003a1       0x2d ./build/stm32f1xx_hal_adc.o
 .ARM.attributes
                0x000003ce       0x2d ./build/stm32f1xx_hal_can.o
 .ARM.attributes
                0x000003fb       0x2d ./build/stm32f1xx_hal_cortex.o
 .ARM.attributes
                0x00000428       0x2d ./build/stm32f1xx_hal_dma.o
 .ARM.attributes
                0x00000455       0x2d ./build/stm32f1xx_hal_flash.o
 .ARM.attributes
                0x00000482       0x2d ./build/stm32f1xx_hal_flash_ex.o
 .ARM.attributes
                0x000004af       0x2d ./build/stm32f1xx_hal_gpio.o
 .ARM.attributes
                0x000004dc       0x2d ./build/stm32f1xx_hal_iwdg.o
 .ARM.attributes
                0x00000509       0x2d ./build/stm32f1xx_hal_rcc.o
 .ARM.attributes
                0x00000536       0x2d ./build/stm32f1xx_hal_tim.o
 .ARM.attributes
                0x00000563       0x2d ./build/stm32f1xx_hal_tim_ex.o
 .ARM.attributes
                0x00000590       0x2d ./build/stm32f1xx_hal_uart.o
 .ARM.attributes
                0x000005bd       0x2d ./build/tasks.o
 .ARM.attributes
                0x000005ea       0x2d ./build/queue.o
 .ARM.attributes
                0x00000617       0x2d ./build/list.o
 .ARM.attributes
                0x00000644       0x2d ./build/timers.o
 .ARM.attributes
                0x00000671       0x2d ./build/heap_4.o
 .ARM.attributes
                0x0000069e       0x2d ./build/port.o
 .ARM.attributes
                0x000006cb       0x21 ./build/startup_stm32f103xb.o
 .ARM.attributes
                0x000006ec       0x2d C:/arm_gcc/bin/../lib/gcc/arm-none-eabi/14.2.1/thumb/v7-m/nofp\libm.a(libm_a-wf_log.o)
 .ARM.attributes
                0x00000719       0x2d C:/arm_gcc/bin/../lib/gcc/arm-none-eabi/14.2.1/thumb/v7-m/nofp\libm.a(libm_a-sf_nan.o)
 .ARM.attributes
                0x00000746       0x2d C:/arm_gcc/bin/../lib/gcc/arm-none-eabi/14.2.1/thumb/v7-m/nofp\libm.a(libm_a-ef_log.o)
 .ARM.attributes
                0x00000773       0x1d C:/arm_gcc/bin/../lib/gcc/arm-none-eabi/14.2.1/thumb/v7-m/nofp\libgcc.a(_arm_addsubdf3.o)
 .ARM.attributes
                0x00000790       0x1d C:/arm_gcc/bin/../lib/gcc/arm-none-eabi/14.2.1/thumb/v7-m/nofp\libgcc.a(_arm_addsubsf3.o)
 .ARM.attributes
                0x000007ad       0x1d C:/arm_gcc/bin/../lib/gcc/arm-none-eabi/14.2.1/thumb/v7-m/nofp\libgcc.a(_arm_muldivsf3.o)
 .ARM.attributes
                0x000007ca       0x1d C:/arm_gcc/bin/../lib/gcc/arm-none-eabi/14.2.1/thumb/v7-m/nofp\libgcc.a(_arm_cmpsf2.o)
 .ARM.attributes
                0x000007e7       0x1d C:/arm_gcc/bin/../lib/gcc/arm-none-eabi/14.2.1/thumb/v7-m/nofp\libgcc.a(_arm_unordsf2.o)
 .ARM.attributes
                0x00000804       0x1d C:/arm_gcc/bin/../lib/gcc/arm-none-eabi/14.2.1/thumb/v7-m/nofp\libgcc.a(_arm_fixsfsi.o)
 .ARM.attributes
                0x00000821       0x1d C:/arm_gcc/bin/../lib/gcc/arm-none-eabi/14.2.1/thumb/v7-m/nofp\libgcc.a(_arm_fixunssfsi.o)
 .ARM.attributes
                0x0000083e       0x2d C:/arm_gcc/bin/../lib/gcc/arm-none-eabi/14.2.1/thumb/v7-m/nofp\libc_nano.a(libc_a-atoi.o)
 .ARM.attributes
                0x0000086b       0x2d C:/arm_gcc/bin/../lib/gcc/arm-none-eabi/14.2.1/thumb/v7-m/nofp\libc_nano.a(libc_a-strtol.o)
 .ARM.attributes
                0x00000898       0x2d C:/arm_gcc/bin/../lib/gcc/arm-none-eabi/14.2.1/thumb/v7-m/nofp\libc_nano.a(libc_a-strtoul.o)
 .ARM.attributes
                0x000008c5       0x2d C:/arm_gcc/bin/../lib/gcc/arm-none-eabi/14.2.1/thumb/v7-m/nofp\libc_nano.a(libc_a-ctype_.o)
 .ARM.attributes
                0x000008f2       0x2d C:/arm_gcc/bin/../lib/gcc/arm-none-eabi/14.2.1/thumb/v7-m/nofp\libc_nano.a(libc_a-findfp.o)
 .ARM.attributes
                0x0000091f       0x2d C:/arm_gcc/bin/../lib/gcc/arm-none-eabi/14.2.1/thumb/v7-m/nofp\libc_nano.a(libc_a-snprintf.o)
 .ARM.attributes
                0x0000094c       0x2d C:/arm_gcc/bin/../lib/gcc/arm-none-eabi/14.2.1/thumb/v7-m/nofp\libc_nano.a(libc_a-vsnprintf.o)
 .ARM.attributes
                0x00000979       0x2d C:/arm_gcc/bin/../lib/gcc/arm-none-eabi/14.2.1/thumb/v7-m/nofp\libc_nano.a(libc_a-memset.o)
 .ARM.attributes
                0x000009a6       0x2d C:/arm_gcc/bin/../lib/gcc/arm-none-eabi/14.2.1/thumb/v7-m/nofp\libc_nano.a(libc_a-strcat.o)
 .ARM.attributes
                0x000009d3       0x2d C:/arm_gcc/bin/../lib/gcc/arm-none-eabi/14.2.1/thumb/v7-m/nofp\libc_nano.a(libc_a-reent.o)
 .ARM.attributes
                0x00000a00       0x2d C:/arm_gcc/bin/../lib/gcc/arm-none-eabi/14.2.1/thumb/v7-m/nofp\libc_nano.a(libc_a-impure.o)
 .ARM.attributes
                0x00000a2d       0x2d C:/arm_gcc/bin/../lib/gcc/arm-none-eabi/14.2.1/thumb/v7-m/nofp\libc_nano.a(libc_a-errno.o)
 .ARM.attributes
                0x00000a5a       0x2d C:/arm_gcc/bin/../lib/gcc/arm-none-eabi/14.2.1/thumb/v7-m/nofp\libc_nano.a(libc_a-init.o)
 .ARM.attributes
                0x00000a87       0x2d C:/arm_gcc/bin/../lib/gcc/arm-none-eabi/14.2.1/thumb/v7-m/nofp\libc_nano.a(libc_a-lock.o)
 .ARM.attributes
                0x00000ab4       0x1b C:/arm_gcc/bin/../lib/gcc/arm-none-eabi/14.2.1/thumb/v7-m/nofp\libc_nano.a(libc_a-strcmp.o)
 .ARM.attributes
                0x00000acf       0x2d C:/arm_gcc/bin/../lib/gcc/arm-none-eabi/14.2.1/thumb/v7-m/nofp\libc_nano.a(libc_a-strcpy.o)
 .ARM.attributes
                0x00000afc       0x2d C:/arm_gcc/bin/../lib/gcc/arm-none-eabi/14.2.1/thumb/v7-m/nofp\libc_nano.a(libc_a-memcpy-stub.o)
 .ARM.attributes
                0x00000b29       0x17 C:/arm_gcc/bin/../lib/gcc/arm-none-eabi/14.2.1/thumb/v7-m/nofp\libc_nano.a(libc_a-strlen.o)
 .ARM.attributes
                0x00000b40       0x2d C:/arm_gcc/bin/../lib/gcc/arm-none-eabi/14.2.1/thumb/v7-m/nofp\libc_nano.a(libc_a-freer.o)
 .ARM.attributes
                0x00000b6d       0x2d C:/arm_gcc/bin/../lib/gcc/arm-none-eabi/14.2.1/thumb/v7-m/nofp\libc_nano.a(libc_a-mallocr.o)
 .ARM.attributes
                0x00000b9a       0x2d C:/arm_gcc/bin/../lib/gcc/arm-none-eabi/14.2.1/thumb/v7-m/nofp\libc_nano.a(libc_a-mlock.o)
 .ARM.attributes
                0x00000bc7       0x2d C:/arm_gcc/bin/../lib/gcc/arm-none-eabi/14.2.1/thumb/v7-m/nofp\libc_nano.a(libc_a-nano-svfprintf.o)
 .ARM.attributes
                0x00000bf4       0x2d C:/arm_gcc/bin/../lib/gcc/arm-none-eabi/14.2.1/thumb/v7-m/nofp\libc_nano.a(libc_a-nano-vfprintf_i.o)
 .ARM.attributes
                0x00000c21       0x2d C:/arm_gcc/bin/../lib/gcc/arm-none-eabi/14.2.1/thumb/v7-m/nofp\libc_nano.a(libc_a-memmove.o)
 .ARM.attributes
                0x00000c4e       0x2d C:/arm_gcc/bin/../lib/gcc/arm-none-eabi/14.2.1/thumb/v7-m/nofp\libc_nano.a(libc_a-sbrkr.o)
 .ARM.attributes
                0x00000c7b       0x2d C:/arm_gcc/bin/../lib/gcc/arm-none-eabi/14.2.1/thumb/v7-m/nofp\libc_nano.a(libc_a-memchr-stub.o)
 .ARM.attributes
                0x00000ca8       0x2d C:/arm_gcc/bin/../lib/gcc/arm-none-eabi/14.2.1/thumb/v7-m/nofp\libc_nano.a(libc_a-reallocr.o)
 .ARM.attributes
                0x00000cd5       0x2d C:/arm_gcc/bin/../lib/gcc/arm-none-eabi/14.2.1/thumb/v7-m/nofp\libc_nano.a(libc_a-msizer.o)
 .ARM.attributes
                0x00000d02       0x2d C:/arm_gcc/bin/../lib/gcc/arm-none-eabi/14.2.1/thumb/v7-m/nofp\libnosys.a(sbrk.o)
 .ARM.attributes
                0x00000d2f       0x1d C:/arm_gcc/bin/../lib/gcc/arm-none-eabi/14.2.1/thumb/v7-m/nofp/crtn.o

.comment        0x00000000       0x45
 .comment       0x00000000       0x45 ./build/adc.o
                                 0x46 (size before relaxing)
 .comment       0x00000045       0x46 ./build/encoder.o
 .comment       0x00000045       0x46 ./build/flash.o
 .comment       0x00000045       0x46 ./build/main.o
 .comment       0x00000045       0x46 ./build/motor_drv.o
 .comment       0x00000045       0x46 ./build/pid.o
 .comment       0x00000045       0x46 ./build/protection.o
 .comment       0x00000045       0x46 ./build/pwm.o
 .comment       0x00000045       0x46 ./build/state_machine.o
 .comment       0x00000045       0x46 ./build/uart_cli.o
 .comment       0x00000045       0x46 ./build/canopen.o
 .comment       0x00000045       0x46 ./build/co_cia402.o
 .comment       0x00000045       0x46 ./build/co_emcy.o
 .comment       0x00000045       0x46 ./build/co_nmt.o
 .comment       0x00000045       0x46 ./build/co_objdict.o
 .comment       0x00000045       0x46 ./build/co_pdo.o
 .comment       0x00000045       0x46 ./build/co_sdo.o
 .comment       0x00000045       0x46 ./build/co_sync.o
 .comment       0x00000045       0x46 ./build/system_stm32f1xx.o
 .comment       0x00000045       0x46 ./build/stm32f1xx_hal.o
 .comment       0x00000045       0x46 ./build/stm32f1xx_hal_adc.o
 .comment       0x00000045       0x46 ./build/stm32f1xx_hal_can.o
 .comment       0x00000045       0x46 ./build/stm32f1xx_hal_cortex.o
 .comment       0x00000045       0x46 ./build/stm32f1xx_hal_dma.o
 .comment       0x00000045       0x46 ./build/stm32f1xx_hal_flash.o
 .comment       0x00000045       0x46 ./build/stm32f1xx_hal_flash_ex.o
 .comment       0x00000045       0x46 ./build/stm32f1xx_hal_gpio.o
 .comment       0x00000045       0x46 ./build/stm32f1xx_hal_iwdg.o
 .comment       0x00000045       0x46 ./build/stm32f1xx_hal_rcc.o
 .comment       0x00000045       0x46 ./build/stm32f1xx_hal_tim.o
 .comment       0x00000045       0x46 ./build/stm32f1xx_hal_tim_ex.o
 .comment       0x00000045       0x46 ./build/stm32f1xx_hal_uart.o
 .comment       0x00000045       0x46 ./build/tasks.o
 .comment       0x00000045       0x46 ./build/queue.o
 .comment       0x00000045       0x46 ./build/list.o
 .comment       0x00000045       0x46 ./build/timers.o
 .comment       0x00000045       0x46 ./build/heap_4.o
 .comment       0x00000045       0x46 ./build/port.o

.debug_info     0x00000000    0x27838
 .debug_info    0x00000000      0xd96 ./build/adc.o
 .debug_info    0x00000d96     0x12ff ./build/encoder.o
 .debug_info    0x00002095      0xe63 ./build/flash.o
 .debug_info    0x00002ef8     0x16a4 ./build/main.o
 .debug_info    0x0000459c     0x1d20 ./build/motor_drv.o
 .debug_info    0x000062bc      0x662 ./build/pid.o
 .debug_info    0x0000691e     0x1936 ./build/protection.o
 .debug_info    0x00008254      0xf20 ./build/pwm.o
 .debug_info    0x00009174      0xa82 ./build/state_machine.o
 .debug_info    0x00009bf6     0x2221 ./build/uart_cli.o
 .debug_info    0x0000be17     0x1070 ./build/canopen.o
 .debug_info    0x0000ce87      0xc36 ./build/co_cia402.o
 .debug_info    0x0000dabd      0x5fd ./build/co_emcy.o
 .debug_info    0x0000e0ba      0x4c5 ./build/co_nmt.o
 .debug_info    0x0000e57f     0x2111 ./build/co_objdict.o
 .debug_info    0x00010690      0x47c ./build/co_pdo.o
 .debug_info    0x00010b0c      0x575 ./build/co_sdo.o
 .debug_info    0x00011081      0x12d ./build/co_sync.o
 .debug_info    0x000111ae      0x231 ./build/system_stm32f1xx.o
 .debug_info    0x000113df      0x74a ./build/stm32f1xx_hal.o
 .debug_info    0x00011b29      0xea9 ./build/stm32f1xx_hal_adc.o
 .debug_info    0x000129d2     0x1178 ./build/stm32f1xx_hal_can.o
 .debug_info    0x00013b4a      0xced ./build/stm32f1xx_hal_cortex.o
 .debug_info    0x00014837      0x7fc ./build/stm32f1xx_hal_dma.o
 .debug_info    0x00015033      0x669 ./build/stm32f1xx_hal_flash.o
 .debug_info    0x0001569c      0xba4 ./build/stm32f1xx_hal_flash_ex.o
 .debug_info    0x00016240      0x612 ./build/stm32f1xx_hal_gpio.o
 .debug_info    0x00016852      0x1fa ./build/stm32f1xx_hal_iwdg.o
 .debug_info    0x00016a4c      0xa0f ./build/stm32f1xx_hal_rcc.o
 .debug_info    0x0001745b     0x3f04 ./build/stm32f1xx_hal_tim.o
 .debug_info    0x0001b35f     0x18a9 ./build/stm32f1xx_hal_tim_ex.o
 .debug_info    0x0001cc08     0x405f ./build/stm32f1xx_hal_uart.o
 .debug_info    0x00020c67     0x2db3 ./build/tasks.o
 .debug_info    0x00023a1a     0x1d63 ./build/queue.o
 .debug_info    0x0002577d      0x2c3 ./build/list.o
 .debug_info    0x00025a40     0x13d2 ./build/timers.o
 .debug_info    0x00026e12      0x606 ./build/heap_4.o
 .debug_info    0x00027418      0x420 ./build/port.o

.debug_abbrev   0x00000000     0x6afb
 .debug_abbrev  0x00000000      0x2ee ./build/adc.o
 .debug_abbrev  0x000002ee      0x2bb ./build/encoder.o
 .debug_abbrev  0x000005a9      0x372 ./build/flash.o
 .debug_abbrev  0x0000091b      0x36c ./build/main.o
 .debug_abbrev  0x00000c87      0x42b ./build/motor_drv.o
 .debug_abbrev  0x000010b2      0x216 ./build/pid.o
 .debug_abbrev  0x000012c8      0x38c ./build/protection.o
 .debug_abbrev  0x00001654      0x2b8 ./build/pwm.o
 .debug_abbrev  0x0000190c      0x2da ./build/state_machine.o
 .debug_abbrev  0x00001be6      0x4b4 ./build/uart_cli.o
 .debug_abbrev  0x0000209a      0x358 ./build/canopen.o
 .debug_abbrev  0x000023f2      0x2ed ./build/co_cia402.o
 .debug_abbrev  0x000026df      0x209 ./build/co_emcy.o
 .debug_abbrev  0x000028e8      0x23a ./build/co_nmt.o
 .debug_abbrev  0x00002b22      0x31b ./build/co_objdict.o
 .debug_abbrev  0x00002e3d      0x1c2 ./build/co_pdo.o
 .debug_abbrev  0x00002fff      0x1f0 ./build/co_sdo.o
 .debug_abbrev  0x000031ef       0xc5 ./build/co_sync.o
 .debug_abbrev  0x000032b4      0x145 ./build/system_stm32f1xx.o
 .debug_abbrev  0x000033f9      0x272 ./build/stm32f1xx_hal.o
 .debug_abbrev  0x0000366b      0x278 ./build/stm32f1xx_hal_adc.o
 .debug_abbrev  0x000038e3      0x2af ./build/stm32f1xx_hal_can.o
 .debug_abbrev  0x00003b92      0x36b ./build/stm32f1xx_hal_cortex.o
 .debug_abbrev  0x00003efd      0x262 ./build/stm32f1xx_hal_dma.o
 .debug_abbrev  0x0000415f      0x30e ./build/stm32f1xx_hal_flash.o
 .debug_abbrev  0x0000446d      0x304 ./build/stm32f1xx_hal_flash_ex.o
 .debug_abbrev  0x00004771      0x200 ./build/stm32f1xx_hal_gpio.o
 .debug_abbrev  0x00004971      0x13b ./build/stm32f1xx_hal_iwdg.o
 .debug_abbrev  0x00004aac      0x2ff ./build/stm32f1xx_hal_rcc.o
 .debug_abbrev  0x00004dab      0x379 ./build/stm32f1xx_hal_tim.o
 .debug_abbrev  0x00005124      0x2ea ./build/stm32f1xx_hal_tim_ex.o
 .debug_abbrev  0x0000540e      0x419 ./build/stm32f1xx_hal_uart.o
 .debug_abbrev  0x00005827      0x4df ./build/tasks.o
 .debug_abbrev  0x00005d06      0x3be ./build/queue.o
 .debug_abbrev  0x000060c4      0x10c ./build/list.o
 .debug_abbrev  0x000061d0      0x3c5 ./build/timers.o
 .debug_abbrev  0x00006595      0x2b0 ./build/heap_4.o
 .debug_abbrev  0x00006845      0x2b6 ./build/port.o

.debug_loclists
                0x00000000     0xdb84
 .debug_loclists
                0x00000000      0x188 ./build/adc.o
 .debug_loclists
                0x00000188      0x15d ./build/encoder.o
 .debug_loclists
                0x000002e5      0x12b ./build/flash.o
 .debug_loclists
                0x00000410       0x46 ./build/main.o
 .debug_loclists
                0x00000456      0x430 ./build/motor_drv.o
 .debug_loclists
                0x00000886      0x17a ./build/pid.o
 .debug_loclists
                0x00000a00      0x3e2 ./build/protection.o
 .debug_loclists
                0x00000de2      0x143 ./build/pwm.o
 .debug_loclists
                0x00000f25      0x12a ./build/state_machine.o
 .debug_loclists
                0x0000104f      0x29f ./build/uart_cli.o
 .debug_loclists
                0x000012ee      0x28c ./build/canopen.o
 .debug_loclists
                0x0000157a      0x278 ./build/co_cia402.o
 .debug_loclists
                0x000017f2      0x227 ./build/co_emcy.o
 .debug_loclists
                0x00001a19       0xfb ./build/co_nmt.o
 .debug_loclists
                0x00001b14      0x1fe ./build/co_objdict.o
 .debug_loclists
                0x00001d12      0x19f ./build/co_pdo.o
 .debug_loclists
                0x00001eb1      0x19d ./build/co_sdo.o
 .debug_loclists
                0x0000204e       0xac ./build/system_stm32f1xx.o
 .debug_loclists
                0x000020fa       0xd5 ./build/stm32f1xx_hal.o
 .debug_loclists
                0x000021cf      0x6b5 ./build/stm32f1xx_hal_adc.o
 .debug_loclists
                0x00002884      0x94f ./build/stm32f1xx_hal_can.o
 .debug_loclists
                0x000031d3      0x3cb ./build/stm32f1xx_hal_cortex.o
 .debug_loclists
                0x0000359e      0x4d7 ./build/stm32f1xx_hal_dma.o
 .debug_loclists
                0x00003a75      0x258 ./build/stm32f1xx_hal_flash.o
 .debug_loclists
                0x00003ccd      0x574 ./build/stm32f1xx_hal_flash_ex.o
 .debug_loclists
                0x00004241      0x2fd ./build/stm32f1xx_hal_gpio.o
 .debug_loclists
                0x0000453e       0x66 ./build/stm32f1xx_hal_iwdg.o
 .debug_loclists
                0x000045a4      0x40b ./build/stm32f1xx_hal_rcc.o
 .debug_loclists
                0x000049af     0x2bd6 ./build/stm32f1xx_hal_tim.o
 .debug_loclists
                0x00007585      0xc89 ./build/stm32f1xx_hal_tim_ex.o
 .debug_loclists
                0x0000820e     0x289d ./build/stm32f1xx_hal_uart.o
 .debug_loclists
                0x0000aaab     0x1681 ./build/tasks.o
 .debug_loclists
                0x0000c12c      0xcd0 ./build/queue.o
 .debug_loclists
                0x0000cdfc       0x65 ./build/list.o
 .debug_loclists
                0x0000ce61      0x91c ./build/timers.o
 .debug_loclists
                0x0000d77d      0x37a ./build/heap_4.o
 .debug_loclists
                0x0000daf7       0x8d ./build/port.o

.debug_aranges  0x00000000     0x1890
 .debug_aranges
                0x00000000       0x60 ./build/adc.o
 .debug_aranges
                0x00000060       0x60 ./build/encoder.o
 .debug_aranges
                0x000000c0       0x48 ./build/flash.o
 .debug_aranges
                0x00000108       0x70 ./build/main.o
 .debug_aranges
                0x00000178       0xe8 ./build/motor_drv.o
 .debug_aranges
                0x00000260       0x68 ./build/pid.o
 .debug_aranges
                0x000002c8       0xb8 ./build/protection.o
 .debug_aranges
                0x00000380       0x48 ./build/pwm.o
 .debug_aranges
                0x000003c8       0x60 ./build/state_machine.o
 .debug_aranges
                0x00000428       0x58 ./build/uart_cli.o
 .debug_aranges
                0x00000480       0x58 ./build/canopen.o
 .debug_aranges
                0x000004d8       0x80 ./build/co_cia402.o
 .debug_aranges
                0x00000558       0x40 ./build/co_emcy.o
 .debug_aranges
                0x00000598       0x48 ./build/co_nmt.o
 .debug_aranges
                0x000005e0       0x48 ./build/co_objdict.o
 .debug_aranges
                0x00000628       0x48 ./build/co_pdo.o
 .debug_aranges
                0x00000670       0x28 ./build/co_sdo.o
 .debug_aranges
                0x00000698       0x30 ./build/co_sync.o
 .debug_aranges
                0x000006c8       0x28 ./build/system_stm32f1xx.o
 .debug_aranges
                0x000006f0       0xe0 ./build/stm32f1xx_hal.o
 .debug_aranges
                0x000007d0       0xf0 ./build/stm32f1xx_hal_adc.o
 .debug_aranges
                0x000008c0      0x138 ./build/stm32f1xx_hal_can.o
 .debug_aranges
                0x000009f8       0x90 ./build/stm32f1xx_hal_cortex.o
 .debug_aranges
                0x00000a88       0x78 ./build/stm32f1xx_hal_dma.o
 .debug_aranges
                0x00000b00       0x80 ./build/stm32f1xx_hal_flash.o
 .debug_aranges
                0x00000b80       0x58 ./build/stm32f1xx_hal_flash_ex.o
 .debug_aranges
                0x00000bd8       0x58 ./build/stm32f1xx_hal_gpio.o
 .debug_aranges
                0x00000c30       0x28 ./build/stm32f1xx_hal_iwdg.o
 .debug_aranges
                0x00000c58       0x88 ./build/stm32f1xx_hal_rcc.o
 .debug_aranges
                0x00000ce0      0x3b8 ./build/stm32f1xx_hal_tim.o
 .debug_aranges
                0x00001098      0x168 ./build/stm32f1xx_hal_tim_ex.o
 .debug_aranges
                0x00001200      0x1f0 ./build/stm32f1xx_hal_uart.o
 .debug_aranges
                0x000013f0      0x1c8 ./build/tasks.o
 .debug_aranges
                0x000015b8       0xf8 ./build/queue.o
 .debug_aranges
                0x000016b0       0x40 ./build/list.o
 .debug_aranges
                0x000016f0       0xd0 ./build/timers.o
 .debug_aranges
                0x000017c0       0x58 ./build/heap_4.o
 .debug_aranges
                0x00001818       0x78 ./build/port.o

.debug_rnglists
                0x00000000     0x19dd
 .debug_rnglists
                0x00000000       0x81 ./build/adc.o
 .debug_rnglists
                0x00000081       0x74 ./build/encoder.o
 .debug_rnglists
                0x000000f5       0x8b ./build/flash.o
 .debug_rnglists
                0x00000180       0x5c ./build/main.o
 .debug_rnglists
                0x000001dc       0xf3 ./build/motor_drv.o
 .debug_rnglists
                0x000002cf       0x4b ./build/pid.o
 .debug_rnglists
                0x0000031a       0xd2 ./build/protection.o
 .debug_rnglists
                0x000003ec       0x68 ./build/pwm.o
 .debug_rnglists
                0x00000454       0x44 ./build/state_machine.o
 .debug_rnglists
                0x00000498       0xd3 ./build/uart_cli.o
 .debug_rnglists
                0x0000056b       0x93 ./build/canopen.o
 .debug_rnglists
                0x000005fe       0x67 ./build/co_cia402.o
 .debug_rnglists
                0x00000665       0x38 ./build/co_emcy.o
 .debug_rnglists
                0x0000069d       0x41 ./build/co_nmt.o
 .debug_rnglists
                0x000006de       0x44 ./build/co_objdict.o
 .debug_rnglists
                0x00000722       0x31 ./build/co_pdo.o
 .debug_rnglists
                0x00000753       0x41 ./build/co_sdo.o
 .debug_rnglists
                0x00000794       0x1f ./build/co_sync.o
 .debug_rnglists
                0x000007b3       0x19 ./build/system_stm32f1xx.o
 .debug_rnglists
                0x000007cc       0xa3 ./build/stm32f1xx_hal.o
 .debug_rnglists
                0x0000086f       0xb7 ./build/stm32f1xx_hal_adc.o
 .debug_rnglists
                0x00000926       0xea ./build/stm32f1xx_hal_can.o
 .debug_rnglists
                0x00000a10       0xd3 ./build/stm32f1xx_hal_cortex.o
 .debug_rnglists
                0x00000ae3       0x59 ./build/stm32f1xx_hal_dma.o
 .debug_rnglists
                0x00000b3c       0x8a ./build/stm32f1xx_hal_flash.o
 .debug_rnglists
                0x00000bc6       0xa6 ./build/stm32f1xx_hal_flash_ex.o
 .debug_rnglists
                0x00000c6c       0x52 ./build/stm32f1xx_hal_gpio.o
 .debug_rnglists
                0x00000cbe       0x19 ./build/stm32f1xx_hal_iwdg.o
 .debug_rnglists
                0x00000cd7       0x85 ./build/stm32f1xx_hal_rcc.o
 .debug_rnglists
                0x00000d5c      0x32a ./build/stm32f1xx_hal_tim.o
 .debug_rnglists
                0x00001086      0x115 ./build/stm32f1xx_hal_tim_ex.o
 .debug_rnglists
                0x0000119b      0x1e4 ./build/stm32f1xx_hal_uart.o
 .debug_rnglists
                0x0000137f      0x338 ./build/tasks.o
 .debug_rnglists
                0x000016b7      0x15b ./build/queue.o
 .debug_rnglists
                0x00001812       0x2b ./build/list.o
 .debug_rnglists
                0x0000183d       0xef ./build/timers.o
 .debug_rnglists
                0x0000192c       0x3f ./build/heap_4.o
 .debug_rnglists
                0x0000196b       0x72 ./build/port.o

.debug_macro    0x00000000    0x1dddf
 .debug_macro   0x00000000      0x349 ./build/adc.o
 .debug_macro   0x00000349      0xad8 ./build/adc.o
 .debug_macro   0x00000e21       0x1c ./build/adc.o
 .debug_macro   0x00000e3d       0x2e ./build/adc.o
 .debug_macro   0x00000e6b       0x22 ./build/adc.o
 .debug_macro   0x00000e8d       0x22 ./build/adc.o
 .debug_macro   0x00000eaf       0x8e ./build/adc.o
 .debug_macro   0x00000f3d       0x51 ./build/adc.o
 .debug_macro   0x00000f8e      0x103 ./build/adc.o
 .debug_macro   0x00001091       0x6a ./build/adc.o
 .debug_macro   0x000010fb      0x1df ./build/adc.o
 .debug_macro   0x000012da       0x1c ./build/adc.o
 .debug_macro   0x000012f6       0x22 ./build/adc.o
 .debug_macro   0x00001318       0xeb ./build/adc.o
 .debug_macro   0x00001403      0xd5c ./build/adc.o
 .debug_macro   0x0000215f     0xe09e ./build/adc.o
 .debug_macro   0x000101fd       0x6d ./build/adc.o
 .debug_macro   0x0001026a     0x34a2 ./build/adc.o
 .debug_macro   0x0001370c      0x190 ./build/adc.o
 .debug_macro   0x0001389c       0x5c ./build/adc.o
 .debug_macro   0x000138f8       0x76 ./build/adc.o
 .debug_macro   0x0001396e       0x57 ./build/adc.o
 .debug_macro   0x000139c5      0x1bc ./build/adc.o
 .debug_macro   0x00013b81       0x34 ./build/adc.o
 .debug_macro   0x00013bb5       0x3c ./build/adc.o
 .debug_macro   0x00013bf1      0x114 ./build/adc.o
 .debug_macro   0x00013d05      0x1b2 ./build/adc.o
 .debug_macro   0x00013eb7       0x27 ./build/adc.o
 .debug_macro   0x00013ede      0x5c2 ./build/adc.o
 .debug_macro   0x000144a0      0x289 ./build/adc.o
 .debug_macro   0x00014729      0x1cb ./build/adc.o
 .debug_macro   0x000148f4       0x87 ./build/adc.o
 .debug_macro   0x0001497b      0x240 ./build/adc.o
 .debug_macro   0x00014bbb      0x46a ./build/adc.o
 .debug_macro   0x00015025      0x1b5 ./build/adc.o
 .debug_macro   0x000151da      0x408 ./build/adc.o
 .debug_macro   0x000155e2      0x8ed ./build/adc.o
 .debug_macro   0x00015ecf      0x28e ./build/adc.o
 .debug_macro   0x0001615d       0x78 ./build/adc.o
 .debug_macro   0x000161d5       0x87 ./build/adc.o
 .debug_macro   0x0001625c       0xdc ./build/adc.o
 .debug_macro   0x00016338      0x15a ./build/adc.o
 .debug_macro   0x00016492       0xe4 ./build/adc.o
 .debug_macro   0x00016576       0x28 ./build/adc.o
 .debug_macro   0x0001659e       0x1f ./build/adc.o